Archive member included to satisfy reference by file (symbol)

/home/dmitryneuro/.ac6/SW4STM32/firmwares/STM32Cube_FW_F4_V1.11.0/Drivers/CMSIS/Lib/GCC/libarm_cortexM4lf_math.a(arm_float_to_q31.o)
                              Src/main.o (arm_float_to_q31)
/home/dmitryneuro/.ac6/SW4STM32/firmwares/STM32Cube_FW_F4_V1.11.0/Drivers/CMSIS/Lib/GCC/libarm_cortexM4lf_math.a(arm_float_to_q15.o)
                              Src/main.o (arm_float_to_q15)
/home/dmitryneuro/.ac6/SW4STM32/firmwares/STM32Cube_FW_F4_V1.11.0/Drivers/CMSIS/Lib/GCC/libarm_cortexM4lf_math.a(arm_max_q31.o)
                              Src/main.o (arm_max_q31)
/home/dmitryneuro/.ac6/SW4STM32/firmwares/STM32Cube_FW_F4_V1.11.0/Drivers/CMSIS/Lib/GCC/libarm_cortexM4lf_math.a(arm_max_q15.o)
                              Src/main.o (arm_max_q15)
/home/dmitryneuro/.ac6/SW4STM32/firmwares/STM32Cube_FW_F4_V1.11.0/Drivers/CMSIS/Lib/GCC/libarm_cortexM4lf_math.a(arm_max_f32.o)
                              Src/main.o (arm_max_f32)
/home/dmitryneuro/.ac6/SW4STM32/firmwares/STM32Cube_FW_F4_V1.11.0/Drivers/CMSIS/Lib/GCC/libarm_cortexM4lf_math.a(arm_cfft_q31.o)
                              Src/main.o (arm_cfft_q31)
/home/dmitryneuro/.ac6/SW4STM32/firmwares/STM32Cube_FW_F4_V1.11.0/Drivers/CMSIS/Lib/GCC/libarm_cortexM4lf_math.a(arm_bitreversal2.o)
                              /home/dmitryneuro/.ac6/SW4STM32/firmwares/STM32Cube_FW_F4_V1.11.0/Drivers/CMSIS/Lib/GCC/libarm_cortexM4lf_math.a(arm_cfft_q31.o) (arm_bitreversal_32)
/home/dmitryneuro/.ac6/SW4STM32/firmwares/STM32Cube_FW_F4_V1.11.0/Drivers/CMSIS/Lib/GCC/libarm_cortexM4lf_math.a(arm_cfft_radix4_q31.o)
                              /home/dmitryneuro/.ac6/SW4STM32/firmwares/STM32Cube_FW_F4_V1.11.0/Drivers/CMSIS/Lib/GCC/libarm_cortexM4lf_math.a(arm_cfft_q31.o) (arm_radix4_butterfly_q31)
/home/dmitryneuro/.ac6/SW4STM32/firmwares/STM32Cube_FW_F4_V1.11.0/Drivers/CMSIS/Lib/GCC/libarm_cortexM4lf_math.a(arm_cfft_radix4_q15.o)
                              Src/main.o (arm_cfft_radix4_q15)
/home/dmitryneuro/.ac6/SW4STM32/firmwares/STM32Cube_FW_F4_V1.11.0/Drivers/CMSIS/Lib/GCC/libarm_cortexM4lf_math.a(arm_cfft_radix4_init_q15.o)
                              Src/main.o (arm_cfft_radix4_init_q15)
/home/dmitryneuro/.ac6/SW4STM32/firmwares/STM32Cube_FW_F4_V1.11.0/Drivers/CMSIS/Lib/GCC/libarm_cortexM4lf_math.a(arm_cfft_radix4_init_f32.o)
                              Src/main.o (arm_cfft_radix4_init_f32)
/home/dmitryneuro/.ac6/SW4STM32/firmwares/STM32Cube_FW_F4_V1.11.0/Drivers/CMSIS/Lib/GCC/libarm_cortexM4lf_math.a(arm_cfft_radix4_f32.o)
                              Src/main.o (arm_cfft_radix4_f32)
/home/dmitryneuro/.ac6/SW4STM32/firmwares/STM32Cube_FW_F4_V1.11.0/Drivers/CMSIS/Lib/GCC/libarm_cortexM4lf_math.a(arm_cmplx_mag_q31.o)
                              Src/main.o (arm_cmplx_mag_q31)
/home/dmitryneuro/.ac6/SW4STM32/firmwares/STM32Cube_FW_F4_V1.11.0/Drivers/CMSIS/Lib/GCC/libarm_cortexM4lf_math.a(arm_cmplx_mag_q15.o)
                              Src/main.o (arm_cmplx_mag_q15)
/home/dmitryneuro/.ac6/SW4STM32/firmwares/STM32Cube_FW_F4_V1.11.0/Drivers/CMSIS/Lib/GCC/libarm_cortexM4lf_math.a(arm_cmplx_mag_f32.o)
                              Src/main.o (arm_cmplx_mag_f32)
/home/dmitryneuro/.ac6/SW4STM32/firmwares/STM32Cube_FW_F4_V1.11.0/Drivers/CMSIS/Lib/GCC/libarm_cortexM4lf_math.a(arm_sqrt_q31.o)
                              /home/dmitryneuro/.ac6/SW4STM32/firmwares/STM32Cube_FW_F4_V1.11.0/Drivers/CMSIS/Lib/GCC/libarm_cortexM4lf_math.a(arm_cmplx_mag_q31.o) (arm_sqrt_q31)
/home/dmitryneuro/.ac6/SW4STM32/firmwares/STM32Cube_FW_F4_V1.11.0/Drivers/CMSIS/Lib/GCC/libarm_cortexM4lf_math.a(arm_sqrt_q15.o)
                              /home/dmitryneuro/.ac6/SW4STM32/firmwares/STM32Cube_FW_F4_V1.11.0/Drivers/CMSIS/Lib/GCC/libarm_cortexM4lf_math.a(arm_cmplx_mag_q15.o) (arm_sqrt_q15)
/home/dmitryneuro/.ac6/SW4STM32/firmwares/STM32Cube_FW_F4_V1.11.0/Drivers/CMSIS/Lib/GCC/libarm_cortexM4lf_math.a(arm_common_tables.o)
                              /home/dmitryneuro/.ac6/SW4STM32/firmwares/STM32Cube_FW_F4_V1.11.0/Drivers/CMSIS/Lib/GCC/libarm_cortexM4lf_math.a(arm_cfft_radix4_init_q15.o) (twiddleCoef_4096_q15)
/home/dmitryneuro/.ac6/SW4STM32/firmwares/STM32Cube_FW_F4_V1.11.0/Drivers/CMSIS/Lib/GCC/libarm_cortexM4lf_math.a(arm_bitreversal.o)
                              /home/dmitryneuro/.ac6/SW4STM32/firmwares/STM32Cube_FW_F4_V1.11.0/Drivers/CMSIS/Lib/GCC/libarm_cortexM4lf_math.a(arm_cfft_radix4_f32.o) (arm_bitreversal_f32)
/home/dmitryneuro/opt/Ac6/SystemWorkbench/plugins/fr.ac6.mcu.externaltools.arm-none.linux64_1.7.0.201602291252/tools/compiler/bin/../lib/gcc/arm-none-eabi/5.2.1/armv7e-m/fpu/libgcc.a(_aeabi_uldivmod.o)
                              Src/platform_drivers.o (__aeabi_uldivmod)
/home/dmitryneuro/opt/Ac6/SystemWorkbench/plugins/fr.ac6.mcu.externaltools.arm-none.linux64_1.7.0.201602291252/tools/compiler/bin/../lib/gcc/arm-none-eabi/5.2.1/armv7e-m/fpu/libgcc.a(_fixsfdi.o)
[...]
Memory Configuration

Name             Origin             Length             Attributes
RAM              0x20000000         0x00030000         xrw
CCMRAM           0x10000000         0x00010000         rw
FLASH            0x08000000         0x00200000         xr
*default*        0x00000000         0xffffffff

Linker script and memory map

LOAD /home/dmitryneuro/opt/Ac6/SystemWorkbench/plugins/fr.ac6.mcu.externaltools.arm-none.linux64_1.7.0.201602291252/tools/compiler/bin/../lib/gcc/arm-none-eabi/5.2.1/armv7e-m/fpu/crti.o
LOAD /home/dmitryneuro/opt/Ac6/SystemWorkbench/plugins/fr.ac6.mcu.externaltools.arm-none.linux64_1.7.0.201602291252/tools/compiler/bin/../lib/gcc/arm-none-eabi/5.2.1/armv7e-m/fpu/crtbegin.o
LOAD /home/dmitryneuro/opt/Ac6/SystemWorkbench/plugins/fr.ac6.mcu.externaltools.arm-none.linux64_1.7.0.201602291252/tools/compiler/bin/../lib/gcc/arm-none-eabi/5.2.1/../../../../arm-none-eabi/lib/armv7e-m/fpu/rdimon-crt0.o
LOAD /home/dmitryneuro/opt/Ac6/SystemWorkbench/plugins/fr.ac6.mcu.externaltools.arm-none.linux64_1.7.0.201602291252/tools/compiler/bin/../lib/gcc/arm-none-eabi/5.2.1/../../../../arm-none-eabi/lib/armv7e-m/fpu/libm.a
LOAD Drivers/CMSIS/Device/ST/STM32F4xx/Source/Templates/gcc/startup_stm32f427xx.o
LOAD Drivers/STM32F4xx_HAL_Driver/Src/stm32f4xx_hal.o
LOAD Drivers/STM32F4xx_HAL_Driver/Src/stm32f4xx_hal_cortex.o
LOAD Drivers/STM32F4xx_HAL_Driver/Src/stm32f4xx_hal_dma.o
LOAD Drivers/STM32F4xx_HAL_Driver/Src/stm32f4xx_hal_dma_ex.o
LOAD Drivers/STM32F4xx_HAL_Driver/Src/stm32f4xx_hal_flash.o
LOAD Drivers/STM32F4xx_HAL_Driver/Src/stm32f4xx_hal_flash_ex.o
LOAD Drivers/STM32F4xx_HAL_Driver/Src/stm32f4xx_hal_flash_ramfunc.o
LOAD Drivers/STM32F4xx_HAL_Driver/Src/stm32f4xx_hal_gpio.o
LOAD Drivers/STM32F4xx_HAL_Driver/Src/stm32f4xx_hal_pwr.o
LOAD Drivers/STM32F4xx_HAL_Driver/Src/stm32f4xx_hal_pwr_ex.o
LOAD Drivers/STM32F4xx_HAL_Driver/Src/stm32f4xx_hal_rcc.o
LOAD Drivers/STM32F4xx_HAL_Driver/Src/stm32f4xx_hal_rcc_ex.o
LOAD Drivers/STM32F4xx_HAL_Driver/Src/stm32f4xx_hal_spi.o
LOAD Drivers/STM32F4xx_HAL_Driver/Src/stm32f4xx_hal_tim.o
LOAD Drivers/STM32F4xx_HAL_Driver/Src/stm32f4xx_hal_tim_ex.o
LOAD Drivers/STM32F4xx_HAL_Driver/Src/stm32f4xx_hal_uart.o
LOAD Src/ad7779.o
LOAD Src/main.o
LOAD Src/platform_drivers.o
LOAD Src/stm32f4xx_hal_msp.o
LOAD Src/stm32f4xx_it.o
LOAD Src/system_stm32f4xx.o
LOAD /home/dmitryneuro/.ac6/SW4STM32/firmwares/STM32Cube_FW_F4_V1.11.0/Drivers/CMSIS/Lib/GCC/libarm_cortexM4lf_math.a
START GROUP
LOAD /home/dmitryneuro/opt/Ac6/SystemWorkbench/plugins/fr.ac6.mcu.externaltools.arm-none.linux64_1.7.0.201602291252/tools/compiler/bin/../lib/gcc/arm-none-eabi/5.2.1/armv7e-m/fpu/libgcc.a
LOAD /home/dmitryneuro/opt/Ac6/SystemWorkbench/plugins/fr.ac6.mcu.externaltools.arm-none.linux64_1.7.0.201602291252/tools/compiler/bin/../lib/gcc/arm-none-eabi/5.2.1/../../../../arm-none-eabi/lib/armv7e-m/fpu/libc.a
END GROUP
START GROUP
LOAD /home/dmitryneuro/opt/Ac6/SystemWorkbench/plugins/fr.ac6.mcu.externaltools.arm-none.linux64_1.7.0.201602291252/tools/compiler/bin/../lib/gcc/arm-none-eabi/5.2.1/armv7e-m/fpu/libgcc.a
LOAD /home/dmitryneuro/opt/Ac6/SystemWorkbench/plugins/fr.ac6.mcu.externaltools.arm-none.linux64_1.7.0.201602291252/tools/compiler/bin/../lib/gcc/arm-none-eabi/5.2.1/../../../../arm-none-eabi/lib/armv7e-m/fpu/libc.a
LOAD /home/dmitryneuro/opt/Ac6/SystemWorkbench/plugins/fr.ac6.mcu.externaltools.arm-none.linux64_1.7.0.201602291252/tools/compiler/bin/../lib/gcc/arm-none-eabi/5.2.1/../../../../arm-none-eabi/lib/armv7e-m/fpu/librdimon.a
END GROUP
LOAD /home/dmitryneuro/opt/Ac6/SystemWorkbench/plugins/fr.ac6.mcu.externaltools.arm-none.linux64_1.7.0.201602291252/tools/compiler/bin/../lib/gcc/arm-none-eabi/5.2.1/armv7e-m/fpu/crtend.o
LOAD /home/dmitryneuro/opt/Ac6/SystemWorkbench/plugins/fr.ac6.mcu.externaltools.arm-none.linux64_1.7.0.201602291252/tools/compiler/bin/../lib/gcc/arm-none-eabi/5.2.1/armv7e-m/fpu/crtn.o
                0x20030000                _estack = 0x20030000
                0x00000200                _Min_Heap_Size = 0x200
                0x00000400                _Min_Stack_Size = 0x400

.isr_vector     0x08000000      0x1ac
                0x08000000                . = ALIGN (0x4)
 *(.isr_vector)
 .isr_vector    0x08000000      0x1ac Drivers/CMSIS/Device/ST/STM32F4xx/Source/Templates/gcc/startup_stm32f427xx.o
                0x08000000                g_pfnVectors
                0x080001ac                . = ALIGN (0x4)

.text           0x080001c0     0x87a4
                0x080001c0                . = ALIGN (0x4)
 *(.text)
 .text          0x080001c0       0xa4 /home/dmitryneuro/opt/Ac6/SystemWorkbench/plugins/fr.ac6.mcu.externaltools.arm-none.linux64_1.7.0.201602291252/tools/compiler/bin/../lib/gcc/arm-none-eabi/5.2.1/armv7e-m/fpu/crtbegin.o
 .text          0x08000264       0x30 /home/dmitryneuro/opt/Ac6/SystemWorkbench/plugins/fr.ac6.mcu.externaltools.arm-none.linux64_1.7.0.201602291252/tools/compiler/bin/../lib/gcc/arm-none-eabi/5.2.1/armv7e-m/fpu/libgcc.a(_aeabi_uldivmod.o)
                0x08000264                __aeabi_uldivmod
 .text          0x08000294      0x2e4 /home/dmitryneuro/opt/Ac6/SystemWorkbench/plugins/fr.ac6.mcu.externaltools.arm-none.linux64_1.7.0.201602291252/tools/compiler/bin/../lib/gcc/arm-none-eabi/5.2.1/armv7e-m/fpu/libgcc.a(_udivmoddi4.o)
                0x08000294                __udivmoddi4
 .text          0x08000578        0x4 /home/dmitryneuro/opt/Ac6/SystemWorkbench/plugins/fr.ac6.mcu.externaltools.arm-none.linux64_1.7.0.201602291252/tools/compiler/bin/../lib/gcc/arm-none-eabi/5.2.1/armv7e-m/fpu/libgcc.a(_dvmd_tls.o)
                0x08000578                __aeabi_ldiv0
                0x08000578                __aeabi_idiv0
 .text          0x0800057c      0x370 /home/dmitryneuro/opt/Ac6/SystemWorkbench/plugins/fr.ac6.mcu.externaltools.arm-none.linux64_1.7.0.201602291252/tools/compiler/bin/../lib/gcc/arm-none-eabi/5.2.1/armv7e-m/fpu/libgcc.a(_arm_addsubdf3.o)
                0x0800057c                __aeabi_drsub
                0x08000584                __aeabi_dsub
                0x08000584                __subdf3
                0x08000588                __adddf3
                0x08000588                __aeabi_dadd
                0x08000800                __aeabi_ui2d
                0x08000800                __floatunsidf
                0x08000820                __floatsidf
                0x08000820                __aeabi_i2d
                0x08000844                __extendsfdf2
                0x08000844                __aeabi_f2d
                0x08000880                __aeabi_ul2d
                0x08000880                __floatundidf
                0x08000890                __floatdidf
                0x08000890                __aeabi_l2d
 .text          0x080008ec      0x424 /home/dmitryneuro/opt/Ac6/SystemWorkbench/plugins/fr.ac6.mcu.externaltools.arm-none.linux64_1.7.0.201602291252/tools/compiler/bin/../lib/gcc/arm-none-eabi/5.2.1/armv7e-m/fpu/libgcc.a(_arm_muldivdf3.o)
                0x080008ec                __aeabi_dmul
                0x080008ec                __muldf3
                0x08000b40                __aeabi_ddiv
                0x08000b40                __divdf3
 .text          0x08000d10      0x134 /home/dmitryneuro/opt/Ac6/SystemWorkbench/plugins/fr.ac6.mcu.externaltools.arm-none.linux64_1.7.0.201602291252/tools/compiler/bin/../lib/gcc/arm-none-eabi/5.2.1/../../../../arm-none-eabi/lib/armv7e-m/fpu/libc.a(lib_a-memcpy.o)
                0x08000d10                memcpy
 *fill*         0x08000e44       0x3c 
 .text          0x08000e80       0xdc /home/dmitryneuro/opt/Ac6/SystemWorkbench/plugins/fr.ac6.mcu.externaltools.arm-none.linux64_1.7.0.201602291252/tools/compiler/bin/../lib/gcc/arm-none-eabi/5.2.1/../../../../arm-none-eabi/lib/armv7e-m/fpu/libc.a(lib_a-strlen.o)
                0x08000e80                strlen
 *fill*         0x08000f5c        0x4 
 .text          0x08000f60       0xa0 /home/dmitryneuro/opt/Ac6/SystemWorkbench/plugins/fr.ac6.mcu.externaltools.arm-none.linux64_1.7.0.201602291252/tools/compiler/bin/../lib/gcc/arm-none-eabi/5.2.1/../../../../arm-none-eabi/lib/armv7e-m/fpu/libc.a(lib_a-memchr.o)
                0x08000f60                memchr
 .text          0x08001000      0x110 /home/dmitryneuro/opt/Ac6/SystemWorkbench/plugins/fr.ac6.mcu.externaltools.arm-none.linux64_1.7.0.201602291252/tools/compiler/bin/../lib/gcc/arm-none-eabi/5.2.1/armv7e-m/fpu/libgcc.a(_arm_cmpdf2.o)
                0x08001000                __gtdf2
                0x08001000                __gedf2
                0x08001008                __ltdf2
                0x08001008                __ledf2
                0x08001010                __cmpdf2
                0x08001010                __eqdf2
                0x08001010                __nedf2
                0x0800108c                __aeabi_cdrcmple
                0x0800109c                __aeabi_cdcmple
                0x0800109c                __aeabi_cdcmpeq
                0x080010ac                __aeabi_dcmpeq
                0x080010c0                __aeabi_dcmplt
                0x080010d4                __aeabi_dcmple
                0x080010e8                __aeabi_dcmpge
                0x080010fc                __aeabi_dcmpgt
 .text          0x08001110       0x50 /home/dmitryneuro/opt/Ac6/SystemWorkbench/plugins/fr.ac6.mcu.externaltools.arm-none.linux64_1.7.0.201602291252/tools/compiler/bin/../lib/gcc/arm-none-eabi/5.2.1/armv7e-m/fpu/libgcc.a(_arm_fixdfsi.o)
                0x08001110                __fixdfsi
                0x08001110                __aeabi_d2iz
 *(.text*)
 .text.Reset_Handler
                0x08001160       0x50 Drivers/CMSIS/Device/ST/STM32F4xx/Source/Templates/gcc/startup_stm32f427xx.o
                0x08001160                Reset_Handler
 .text.Default_Handler
                0x080011b0        0x2 Drivers/CMSIS/Device/ST/STM32F4xx/Source/Templates/gcc/startup_stm32f427xx.o
                0x080011b0                RTC_Alarm_IRQHandler
                0x080011b0                HASH_RNG_IRQHandler
                0x080011b0                EXTI2_IRQHandler
                0x080011b0                TIM8_CC_IRQHandler
                0x080011b0                UART8_IRQHandler
                0x080011b0                TIM1_CC_IRQHandler
                0x080011b0                PVD_IRQHandler
                0x080011b0                SDIO_IRQHandler
                0x080011b0                TAMP_STAMP_IRQHandler
                0x080011b0                CAN2_RX1_IRQHandler
                0x080011b0                EXTI3_IRQHandler
                0x080011b0                TIM8_TRG_COM_TIM14_IRQHandler
                0x080011b0                TIM1_UP_TIM10_IRQHandler
                0x080011b0                TIM8_UP_TIM13_IRQHandler
                0x080011b0                I2C3_ER_IRQHandler
                0x080011b0                EXTI0_IRQHandler
                0x080011b0                I2C2_EV_IRQHandler
                0x080011b0                DMA1_Stream2_IRQHandler
                0x080011b0                CAN1_RX0_IRQHandler
                0x080011b0                FPU_IRQHandler
                0x080011b0                OTG_HS_WKUP_IRQHandler
                0x080011b0                CAN2_SCE_IRQHandler
                0x080011b0                TIM6_DAC_IRQHandler
                0x080011b0                TIM1_BRK_TIM9_IRQHandler
                0x080011b0                DCMI_IRQHandler
                0x080011b0                CAN2_RX0_IRQHandler
                0x080011b0                USART6_IRQHandler
                0x080011b0                USART3_IRQHandler
                0x080011b0                CAN1_RX1_IRQHandler
                0x080011b0                UART5_IRQHandler
                0x080011b0                TIM4_IRQHandler
                0x080011b0                I2C1_EV_IRQHandler
                0x080011b0                DMA1_Stream1_IRQHandler
                0x080011b0                UART4_IRQHandler
                0x080011b0                TIM3_IRQHandler
                0x080011b0                RCC_IRQHandler
                0x080011b0                TIM8_BRK_TIM12_IRQHandler
                0x080011b0                Default_Handler
                0x080011b0                EXTI15_10_IRQHandler
                0x080011b0                ADC_IRQHandler
                0x080011b0                SPI5_IRQHandler
                0x080011b0                TIM7_IRQHandler
                0x080011b0                CAN2_TX_IRQHandler
                0x080011b0                TIM5_IRQHandler
                0x080011b0                I2C3_EV_IRQHandler
                0x080011b0                EXTI9_5_IRQHandler
                0x080011b0                RTC_WKUP_IRQHandler
                0x080011b0                ETH_WKUP_IRQHandler
                0x080011b0                OTG_HS_EP1_IN_IRQHandler
                0x080011b0                CAN1_TX_IRQHandler
                0x080011b0                EXTI4_IRQHandler
                0x080011b0                ETH_IRQHandler
                0x080011b0                OTG_HS_EP1_OUT_IRQHandler
                0x080011b0                WWDG_IRQHandler
                0x080011b0                SPI6_IRQHandler
                0x080011b0                TIM2_IRQHandler
                0x080011b0                OTG_FS_WKUP_IRQHandler
                0x080011b0                TIM1_TRG_COM_TIM11_IRQHandler
                0x080011b0                OTG_HS_IRQHandler
                0x080011b0                DMA2D_IRQHandler
                0x080011b0                EXTI1_IRQHandler
                0x080011b0                UART7_IRQHandler
                0x080011b0                I2C2_ER_IRQHandler
                0x080011b0                CAN1_SCE_IRQHandler
                0x080011b0                FLASH_IRQHandler
                0x080011b0                DMA2_Stream4_IRQHandler
                0x080011b0                OTG_FS_IRQHandler
                0x080011b0                I2C1_ER_IRQHandler
                0x080011b0                FMC_IRQHandler
                0x080011b0                DMA2_Stream6_IRQHandler
                0x080011b0                SAI1_IRQHandler
 *fill*         0x080011b2        0x2 
 .text.HAL_InitTick
                0x080011b4       0x28 Drivers/STM32F4xx_HAL_Driver/Src/stm32f4xx_hal.o
                0x080011b4                HAL_InitTick
 .text.HAL_Init
                0x080011dc       0x34 Drivers/STM32F4xx_HAL_Driver/Src/stm32f4xx_hal.o
                0x080011dc                HAL_Init
 .text.HAL_IncTick
                0x08001210       0x10 Drivers/STM32F4xx_HAL_Driver/Src/stm32f4xx_hal.o
                0x08001210                HAL_IncTick
 .text.HAL_GetTick
                0x08001220        0xc Drivers/STM32F4xx_HAL_Driver/Src/stm32f4xx_hal.o
                0x08001220                HAL_GetTick
 .text.HAL_Delay
                0x0800122c       0x1a Drivers/STM32F4xx_HAL_Driver/Src/stm32f4xx_hal.o
                0x0800122c                HAL_Delay
 *fill*         0x08001246        0x2 
 .text.HAL_NVIC_SetPriorityGrouping
                0x08001248       0x24 Drivers/STM32F4xx_HAL_Driver/Src/stm32f4xx_hal_cortex.o
                0x08001248                HAL_NVIC_SetPriorityGrouping
 .text.HAL_NVIC_SetPriority
                0x0800126c       0x68 Drivers/STM32F4xx_HAL_Driver/Src/stm32f4xx_hal_cortex.o
                0x0800126c                HAL_NVIC_SetPriority
 .text.HAL_NVIC_EnableIRQ
                0x080012d4       0x18 Drivers/STM32F4xx_HAL_Driver/Src/stm32f4xx_hal_cortex.o
                0x080012d4                HAL_NVIC_EnableIRQ
 .text.HAL_SYSTICK_Config
                0x080012ec       0x2c Drivers/STM32F4xx_HAL_Driver/Src/stm32f4xx_hal_cortex.o
                0x080012ec                HAL_SYSTICK_Config
 .text.HAL_SYSTICK_CLKSourceConfig
                0x08001318       0x18 Drivers/STM32F4xx_HAL_Driver/Src/stm32f4xx_hal_cortex.o
                0x08001318                HAL_SYSTICK_CLKSourceConfig
 .text.HAL_SYSTICK_Callback
                0x08001330        0x2 Drivers/STM32F4xx_HAL_Driver/Src/stm32f4xx_hal_cortex.o
                0x08001330                HAL_SYSTICK_Callback
 .text.HAL_SYSTICK_IRQHandler
                0x08001332        0x8 Drivers/STM32F4xx_HAL_Driver/Src/stm32f4xx_hal_cortex.o
                0x08001332                HAL_SYSTICK_IRQHandler
 *fill*         0x0800133a        0x2 
 .text.DMA_CalcBaseAndBitshift
                0x0800133c       0x2c Drivers/STM32F4xx_HAL_Driver/Src/stm32f4xx_hal_dma.o
 .text.HAL_DMA_Init
                0x08001368       0xec Drivers/STM32F4xx_HAL_Driver/Src/stm32f4xx_hal_dma.o
                0x08001368                HAL_DMA_Init
 .text.HAL_DMA_Start_IT
                0x08001454       0x80 Drivers/STM32F4xx_HAL_Driver/Src/stm32f4xx_hal_dma.o
                0x08001454                HAL_DMA_Start_IT
 .text.HAL_DMA_Abort_IT
                0x080014d4       0x24 Drivers/STM32F4xx_HAL_Driver/Src/stm32f4xx_hal_dma.o
                0x080014d4                HAL_DMA_Abort_IT
 .text.HAL_DMA_IRQHandler
                0x080014f8      0x17c Drivers/STM32F4xx_HAL_Driver/Src/stm32f4xx_hal_dma.o
                0x080014f8                HAL_DMA_IRQHandler
 .text.HAL_GPIO_Init
                0x08001674      0x1d8 Drivers/STM32F4xx_HAL_Driver/Src/stm32f4xx_hal_gpio.o
                0x08001674                HAL_GPIO_Init
 .text.HAL_GPIO_ReadPin
                0x0800184c        0xc Drivers/STM32F4xx_HAL_Driver/Src/stm32f4xx_hal_gpio.o
                0x0800184c                HAL_GPIO_ReadPin
 .text.HAL_GPIO_WritePin
                0x08001858        0x8 Drivers/STM32F4xx_HAL_Driver/Src/stm32f4xx_hal_gpio.o
                0x08001858                HAL_GPIO_WritePin
 .text.HAL_PWREx_EnableOverDrive
                0x08001860       0x98 Drivers/STM32F4xx_HAL_Driver/Src/stm32f4xx_hal_pwr_ex.o
                0x08001860                HAL_PWREx_EnableOverDrive
 .text.HAL_RCC_OscConfig
                0x080018f8      0x31c Drivers/STM32F4xx_HAL_Driver/Src/stm32f4xx_hal_rcc.o
                0x080018f8                HAL_RCC_OscConfig
 .text.HAL_RCC_GetSysClockFreq
                0x08001c14       0x7c Drivers/STM32F4xx_HAL_Driver/Src/stm32f4xx_hal_rcc.o
                0x08001c14                HAL_RCC_GetSysClockFreq
 .text.HAL_RCC_ClockConfig
                0x08001c90      0x168 Drivers/STM32F4xx_HAL_Driver/Src/stm32f4xx_hal_rcc.o
                0x08001c90                HAL_RCC_ClockConfig
 .text.HAL_RCC_GetHCLKFreq
                0x08001df8        0xc Drivers/STM32F4xx_HAL_Driver/Src/stm32f4xx_hal_rcc.o
                0x08001df8                HAL_RCC_GetHCLKFreq
 .text.HAL_RCC_GetPCLK1Freq
                0x08001e04       0x30 Drivers/STM32F4xx_HAL_Driver/Src/stm32f4xx_hal_rcc.o
                0x08001e04                HAL_RCC_GetPCLK1Freq
 .text.HAL_RCC_GetPCLK2Freq
                0x08001e34       0x30 Drivers/STM32F4xx_HAL_Driver/Src/stm32f4xx_hal_rcc.o
                0x08001e34                HAL_RCC_GetPCLK2Freq
 .text.SPI_WaitFlagStateUntilTimeout
                0x08001e64       0x8e Drivers/STM32F4xx_HAL_Driver/Src/stm32f4xx_hal_spi.o
 .text.SPI_CheckFlag_BSY
                0x08001ef2       0x20 Drivers/STM32F4xx_HAL_Driver/Src/stm32f4xx_hal_spi.o
 .text.HAL_SPI_Init
                0x08001f12       0x7a Drivers/STM32F4xx_HAL_Driver/Src/stm32f4xx_hal_spi.o
                0x08001f12                HAL_SPI_Init
 .text.HAL_SPI_TransmitReceive_DMA
                0x08001f8c       0xf4 Drivers/STM32F4xx_HAL_Driver/Src/stm32f4xx_hal_spi.o
                0x08001f8c                HAL_SPI_TransmitReceive_DMA
 .text.HAL_SPI_RxCpltCallback
                0x08002080        0x2 Drivers/STM32F4xx_HAL_Driver/Src/stm32f4xx_hal_spi.o
                0x08002080                HAL_SPI_RxCpltCallback
 .text.HAL_SPI_TxRxCpltCallback
                0x08002082        0x2 Drivers/STM32F4xx_HAL_Driver/Src/stm32f4xx_hal_spi.o
                0x08002082                HAL_SPI_TxRxCpltCallback
 .text.HAL_SPI_RxHalfCpltCallback
                0x08002084        0x2 Drivers/STM32F4xx_HAL_Driver/Src/stm32f4xx_hal_spi.o
                0x08002084                HAL_SPI_RxHalfCpltCallback
 .text.SPI_DMAHalfReceiveCplt
                0x08002086        0xa Drivers/STM32F4xx_HAL_Driver/Src/stm32f4xx_hal_spi.o
 .text.HAL_SPI_TxRxHalfCpltCallback
                0x08002090        0x2 Drivers/STM32F4xx_HAL_Driver/Src/stm32f4xx_hal_spi.o
                0x08002090                HAL_SPI_TxRxHalfCpltCallback
 .text.SPI_DMAHalfTransmitReceiveCplt
                0x08002092        0xa Drivers/STM32F4xx_HAL_Driver/Src/stm32f4xx_hal_spi.o
 .text.HAL_SPI_ErrorCallback
                0x0800209c        0x2 Drivers/STM32F4xx_HAL_Driver/Src/stm32f4xx_hal_spi.o
                0x0800209c                HAL_SPI_ErrorCallback
 .text.SPI_DMAError
                0x0800209e       0x22 Drivers/STM32F4xx_HAL_Driver/Src/stm32f4xx_hal_spi.o
 .text.SPI_DMAReceiveCplt
                0x080020c0       0x50 Drivers/STM32F4xx_HAL_Driver/Src/stm32f4xx_hal_spi.o
 .text.SPI_DMATransmitReceiveCplt
                0x08002110       0x50 Drivers/STM32F4xx_HAL_Driver/Src/stm32f4xx_hal_spi.o
 .text.HAL_SPI_IRQHandler
                0x08002160       0xe4 Drivers/STM32F4xx_HAL_Driver/Src/stm32f4xx_hal_spi.o
                0x08002160                HAL_SPI_IRQHandler
 .text.SPI_DMAAbortOnError
                0x08002244       0x10 Drivers/STM32F4xx_HAL_Driver/Src/stm32f4xx_hal_spi.o
 .text.HAL_SPI_GetState
                0x08002254        0x6 Drivers/STM32F4xx_HAL_Driver/Src/stm32f4xx_hal_spi.o
                0x08002254                HAL_SPI_GetState
 .text.UART_EndRxTransfer
                0x0800225a       0x1a Drivers/STM32F4xx_HAL_Driver/Src/stm32f4xx_hal_uart.o
 .text.UART_SetConfig
                0x08002274      0x23c Drivers/STM32F4xx_HAL_Driver/Src/stm32f4xx_hal_uart.o
 .text.HAL_UART_Init
                0x080024b0       0x5c Drivers/STM32F4xx_HAL_Driver/Src/stm32f4xx_hal_uart.o
                0x080024b0                HAL_UART_Init
 .text.HAL_UART_Transmit_DMA
                0x0800250c       0x74 Drivers/STM32F4xx_HAL_Driver/Src/stm32f4xx_hal_uart.o
                0x0800250c                HAL_UART_Transmit_DMA
 .text.HAL_UART_TxCpltCallback
                0x08002580        0x2 Drivers/STM32F4xx_HAL_Driver/Src/stm32f4xx_hal_uart.o
                0x08002580                HAL_UART_TxCpltCallback
 .text.UART_DMATransmitCplt
                0x08002582       0x2c Drivers/STM32F4xx_HAL_Driver/Src/stm32f4xx_hal_uart.o
 .text.HAL_UART_TxHalfCpltCallback
                0x080025ae        0x2 Drivers/STM32F4xx_HAL_Driver/Src/stm32f4xx_hal_uart.o
                0x080025ae                HAL_UART_TxHalfCpltCallback
 .text.UART_DMATxHalfCplt
                0x080025b0        0xa Drivers/STM32F4xx_HAL_Driver/Src/stm32f4xx_hal_uart.o
 .text.HAL_UART_RxCpltCallback
                0x080025ba        0x2 Drivers/STM32F4xx_HAL_Driver/Src/stm32f4xx_hal_uart.o
                0x080025ba                HAL_UART_RxCpltCallback
 .text.UART_Receive_IT
                0x080025bc       0x78 Drivers/STM32F4xx_HAL_Driver/Src/stm32f4xx_hal_uart.o
 .text.HAL_UART_ErrorCallback
                0x08002634        0x2 Drivers/STM32F4xx_HAL_Driver/Src/stm32f4xx_hal_uart.o
                0x08002634                HAL_UART_ErrorCallback
 .text.UART_DMAError
                0x08002636       0x4e Drivers/STM32F4xx_HAL_Driver/Src/stm32f4xx_hal_uart.o
 .text.HAL_UART_IRQHandler
                0x08002684      0x140 Drivers/STM32F4xx_HAL_Driver/Src/stm32f4xx_hal_uart.o
                0x08002684                HAL_UART_IRQHandler
 .text.UART_DMAAbortOnError
                0x080027c4       0x10 Drivers/STM32F4xx_HAL_Driver/Src/stm32f4xx_hal_uart.o
 .text.HAL_UART_GetState
                0x080027d4        0xc Drivers/STM32F4xx_HAL_Driver/Src/stm32f4xx_hal_uart.o
                0x080027d4                HAL_UART_GetState
 .text.ad7779_compute_crc8
                0x080027e0       0x38 Src/ad7779.o
                0x080027e0                ad7779_compute_crc8
 .text.ad7779_spi_int_reg_read
                0x08002818       0x74 Src/ad7779.o
                0x08002818                ad7779_spi_int_reg_read
 .text.ad7779_spi_int_reg_write
                0x0800288c       0x48 Src/ad7779.o
                0x0800288c                ad7779_spi_int_reg_write
 .text.ad7779_spi_int_reg_write_mask
                0x080028d4       0x16 Src/ad7779.o
                0x080028d4                ad7779_spi_int_reg_write_mask
 *fill*         0x080028ea        0x2 
 .text.ad7779_do_update_mode_pins
                0x080028ec      0x11c Src/ad7779.o
                0x080028ec                ad7779_do_update_mode_pins
 .text.ad7779_set_gain
                0x08002a08       0x4a Src/ad7779.o
                0x08002a08                ad7779_set_gain
 *fill*         0x08002a52        0x2 
 .text.ad7779_set_dec_rate
                0x08002a54       0x8c Src/ad7779.o
                0x08002a54                ad7779_set_dec_rate
 .text.ad7779_set_power_mode
                0x08002ae0       0x1c Src/ad7779.o
                0x08002ae0                ad7779_set_power_mode
 .text.ad7779_set_reference_type
                0x08002afc       0x1c Src/ad7779.o
                0x08002afc                ad7779_set_reference_type
 .text.ad7779_setup
                0x08002b18      0x172 Src/ad7779.o
                0x08002b18                ad7779_setup
 .text.crc8da   0x08002c8a       0xb4 Src/main.o
                0x08002c8a                crc8da
 *fill*         0x08002d3e        0x2 
 .text.crc8da_7
                0x08002d40       0x54 Src/main.o
                0x08002d40                crc8da_7
 .text.SystemClock_Config
                0x08002d94       0xb8 Src/main.o
                0x08002d94                SystemClock_Config
 .text.startup.main
                0x08002e4c      0x8ac Src/main.o
                0x08002e4c                main
 .text.Error_Handler
                0x080036f8        0x2 Src/main.o
                0x080036f8                Error_Handler
 .text.spi_init
                0x080036fa        0x4 Src/platform_drivers.o
                0x080036fa                spi_init
 .text.spi_write_and_read
                0x080036fe       0x24 Src/platform_drivers.o
                0x080036fe                spi_write_and_read
 .text.gpio_init
                0x08003722        0x4 Src/platform_drivers.o
                0x08003722                gpio_init
 .text.gpio_set_value
                0x08003726        0x4 Src/platform_drivers.o
                0x08003726                gpio_set_value
 .text.mdelay   0x0800372a        0x4 Src/platform_drivers.o
                0x0800372a                mdelay
 .text.HAL_MspInit
                0x0800372e       0x60 Src/stm32f4xx_hal_msp.o
                0x0800372e                HAL_MspInit
 *fill*         0x0800378e        0x2 
 .text.HAL_SPI_MspInit
                0x08003790      0x398 Src/stm32f4xx_hal_msp.o
                0x08003790                HAL_SPI_MspInit
 .text.HAL_UART_MspInit
                0x08003b28      0x1bc Src/stm32f4xx_hal_msp.o
                0x08003b28                HAL_UART_MspInit
 .text.NMI_Handler
                0x08003ce4        0x2 Src/stm32f4xx_it.o
                0x08003ce4                NMI_Handler
 .text.HardFault_Handler
                0x08003ce6        0x2 Src/stm32f4xx_it.o
                0x08003ce6                HardFault_Handler
 .text.MemManage_Handler
                0x08003ce8        0x2 Src/stm32f4xx_it.o
                0x08003ce8                MemManage_Handler
 .text.BusFault_Handler
                0x08003cea        0x2 Src/stm32f4xx_it.o
                0x08003cea                BusFault_Handler
 .text.UsageFault_Handler
                0x08003cec        0x2 Src/stm32f4xx_it.o
                0x08003cec                UsageFault_Handler
 .text.SVC_Handler
                0x08003cee        0x2 Src/stm32f4xx_it.o
                0x08003cee                SVC_Handler
 .text.DebugMon_Handler
                0x08003cf0        0x2 Src/stm32f4xx_it.o
                0x08003cf0                DebugMon_Handler
 .text.PendSV_Handler
                0x08003cf2        0x2 Src/stm32f4xx_it.o
                0x08003cf2                PendSV_Handler
 .text.SysTick_Handler
                0x08003cf4        0xe Src/stm32f4xx_it.o
                0x08003cf4                SysTick_Handler
 *fill*         0x08003d02        0x2 
 .text.DMA1_Stream0_IRQHandler
                0x08003d04        0xc Src/stm32f4xx_it.o
                0x08003d04                DMA1_Stream0_IRQHandler
 .text.DMA1_Stream3_IRQHandler
                0x08003d10        0xc Src/stm32f4xx_it.o
                0x08003d10                DMA1_Stream3_IRQHandler
 .text.DMA1_Stream4_IRQHandler
                0x08003d1c        0xc Src/stm32f4xx_it.o
                0x08003d1c                DMA1_Stream4_IRQHandler
 .text.DMA1_Stream5_IRQHandler
                0x08003d28        0xc Src/stm32f4xx_it.o
                0x08003d28                DMA1_Stream5_IRQHandler
 .text.DMA1_Stream6_IRQHandler
                0x08003d34        0xc Src/stm32f4xx_it.o
                0x08003d34                DMA1_Stream6_IRQHandler
 .text.SPI1_IRQHandler
                0x08003d40        0xc Src/stm32f4xx_it.o
                0x08003d40                SPI1_IRQHandler
 .text.SPI2_IRQHandler
                0x08003d4c        0xc Src/stm32f4xx_it.o
                0x08003d4c                SPI2_IRQHandler
 .text.USART1_IRQHandler
                0x08003d58        0xc Src/stm32f4xx_it.o
                0x08003d58                USART1_IRQHandler
 .text.USART2_IRQHandler
                0x08003d64        0xc Src/stm32f4xx_it.o
                0x08003d64                USART2_IRQHandler
 .text.DMA1_Stream7_IRQHandler
                0x08003d70        0xc Src/stm32f4xx_it.o
                0x08003d70                DMA1_Stream7_IRQHandler
 .text.SPI3_IRQHandler
                0x08003d7c        0xc Src/stm32f4xx_it.o
                0x08003d7c                SPI3_IRQHandler
 .text.DMA2_Stream0_IRQHandler
                0x08003d88        0xc Src/stm32f4xx_it.o
                0x08003d88                DMA2_Stream0_IRQHandler
 .text.DMA2_Stream1_IRQHandler
                0x08003d94        0xc Src/stm32f4xx_it.o
                0x08003d94                DMA2_Stream1_IRQHandler
 .text.DMA2_Stream2_IRQHandler
                0x08003da0        0xc Src/stm32f4xx_it.o
                0x08003da0                DMA2_Stream2_IRQHandler
 .text.DMA2_Stream3_IRQHandler
                0x08003dac        0xc Src/stm32f4xx_it.o
                0x08003dac                DMA2_Stream3_IRQHandler
 .text.DMA2_Stream5_IRQHandler
                0x08003db8        0xc Src/stm32f4xx_it.o
                0x08003db8                DMA2_Stream5_IRQHandler
 .text.DMA2_Stream7_IRQHandler
                0x08003dc4        0xc Src/stm32f4xx_it.o
                0x08003dc4                DMA2_Stream7_IRQHandler
 .text.SPI4_IRQHandler
                0x08003dd0        0xc Src/stm32f4xx_it.o
                0x08003dd0                SPI4_IRQHandler
 .text.SystemInit
                0x08003ddc       0x4c Src/system_stm32f4xx.o
                0x08003ddc                SystemInit
 .text.__libc_init_array
                0x08003e28       0x50 /home/dmitryneuro/opt/Ac6/SystemWorkbench/plugins/fr.ac6.mcu.externaltools.arm-none.linux64_1.7.0.201602291252/tools/compiler/bin/../lib/gcc/arm-none-eabi/5.2.1/../../../../arm-none-eabi/lib/armv7e-m/fpu/libc.a(lib_a-init.o)
                0x08003e28                __libc_init_array
 .text.malloc   0x08003e78       0x10 /home/dmitryneuro/opt/Ac6/SystemWorkbench/plugins/fr.ac6.mcu.externaltools.arm-none.linux64_1.7.0.201602291252/tools/compiler/bin/../lib/gcc/arm-none-eabi/5.2.1/../../../../arm-none-eabi/lib/armv7e-m/fpu/libc.a(lib_a-malloc.o)
                0x08003e78                malloc
 .text._malloc_r
                0x08003e88      0x570 /home/dmitryneuro/opt/Ac6/SystemWorkbench/plugins/fr.ac6.mcu.externaltools.arm-none.linux64_1.7.0.201602291252/tools/compiler/bin/../lib/gcc/arm-none-eabi/5.2.1/../../../../arm-none-eabi/lib/armv7e-m/fpu/libc.a(lib_a-mallocr.o)
                0x08003e88                _malloc_r
 .text.memset   0x080043f8       0x9c /home/dmitryneuro/opt/Ac6/SystemWorkbench/plugins/fr.ac6.mcu.externaltools.arm-none.linux64_1.7.0.201602291252/tools/compiler/bin/../lib/gcc/arm-none-eabi/5.2.1/../../../../arm-none-eabi/lib/armv7e-m/fpu/libc.a(lib_a-memset.o)
                0x080043f8                memset
 .text.__malloc_lock
                0x08004494        0x4 /home/dmitryneuro/opt/Ac6/SystemWorkbench/plugins/fr.ac6.mcu.externaltools.arm-none.linux64_1.7.0.201602291252/tools/compiler/bin/../lib/gcc/arm-none-eabi/5.2.1/../../../../arm-none-eabi/lib/armv7e-m/fpu/libc.a(lib_a-mlock.o)
                0x08004494                __malloc_lock
 .text.__malloc_unlock
                0x08004498        0x4 /home/dmitryneuro/opt/Ac6/SystemWorkbench/plugins/fr.ac6.mcu.externaltools.arm-none.linux64_1.7.0.201602291252/tools/compiler/bin/../lib/gcc/arm-none-eabi/5.2.1/../../../../arm-none-eabi/lib/armv7e-m/fpu/libc.a(lib_a-mlock.o)
                0x08004498                __malloc_unlock
 .text.printf   0x0800449c       0x28 /home/dmitryneuro/opt/Ac6/SystemWorkbench/plugins/fr.ac6.mcu.externaltools.arm-none.linux64_1.7.0.201602291252/tools/compiler/bin/../lib/gcc/arm-none-eabi/5.2.1/../../../../arm-none-eabi/lib/armv7e-m/fpu/libc.a(lib_a-printf.o)
                0x0800449c                printf
 .text._sbrk_r  0x080044c4       0x24 /home/dmitryneuro/opt/Ac6/SystemWorkbench/plugins/fr.ac6.mcu.externaltools.arm-none.linux64_1.7.0.201602291252/tools/compiler/bin/../lib/gcc/arm-none-eabi/5.2.1/../../../../arm-none-eabi/lib/armv7e-m/fpu/libc.a(lib_a-sbrkr.o)
                0x080044c4                _sbrk_r
 .text._vfprintf_r
                0x080044e8     0x16a0 /home/dmitryneuro/opt/Ac6/SystemWorkbench/plugins/fr.ac6.mcu.externaltools.arm-none.linux64_1.7.0.201602291252/tools/compiler/bin/../lib/gcc/arm-none-eabi/5.2.1/../../../../arm-none-eabi/lib/armv7e-m/fpu/libc.a(lib_a-vfprintf.o)
                0x080044e8                _vfprintf_r
 .text.__sbprintf
                0x08005b88       0x6c /home/dmitryneuro/opt/Ac6/SystemWorkbench/plugins/fr.ac6.mcu.externaltools.arm-none.linux64_1.7.0.201602291252/tools/compiler/bin/../lib/gcc/arm-none-eabi/5.2.1/../../../../arm-none-eabi/lib/armv7e-m/fpu/libc.a(lib_a-vfprintf.o)
 .text.__swsetup_r
                0x08005bf4       0xc4 /home/dmitryneuro/opt/Ac6/SystemWorkbench/plugins/fr.ac6.mcu.externaltools.arm-none.linux64_1.7.0.201602291252/tools/compiler/bin/../lib/gcc/arm-none-eabi/5.2.1/../../../../arm-none-eabi/lib/armv7e-m/fpu/libc.a(lib_a-wsetup.o)
                0x08005bf4                __swsetup_r
 .text.startup.register_fini
                0x08005cb8       0x14 /home/dmitryneuro/opt/Ac6/SystemWorkbench/plugins/fr.ac6.mcu.externaltools.arm-none.linux64_1.7.0.201602291252/tools/compiler/bin/../lib/gcc/arm-none-eabi/5.2.1/../../../../arm-none-eabi/lib/armv7e-m/fpu/libc.a(lib_a-__call_atexit.o)
 .text.atexit   0x08005ccc        0xc /home/dmitryneuro/opt/Ac6/SystemWorkbench/plugins/fr.ac6.mcu.externaltools.arm-none.linux64_1.7.0.201602291252/tools/compiler/bin/../lib/gcc/arm-none-eabi/5.2.1/../../../../arm-none-eabi/lib/armv7e-m/fpu/libc.a(lib_a-atexit.o)
                0x08005ccc                atexit
 .text.quorem   0x08005cd8      0x128 /home/dmitryneuro/opt/Ac6/SystemWorkbench/plugins/fr.ac6.mcu.externaltools.arm-none.linux64_1.7.0.201602291252/tools/compiler/bin/../lib/gcc/arm-none-eabi/5.2.1/../../../../arm-none-eabi/lib/armv7e-m/fpu/libc.a(lib_a-dtoa.o)
 .text._dtoa_r  0x08005e00      0xe34 /home/dmitryneuro/opt/Ac6/SystemWorkbench/plugins/fr.ac6.mcu.externaltools.arm-none.linux64_1.7.0.201602291252/tools/compiler/bin/../lib/gcc/arm-none-eabi/5.2.1/../../../../arm-none-eabi/lib/armv7e-m/fpu/libc.a(lib_a-dtoa.o)
                0x08005e00                _dtoa_r
 .text.__sflush_r
                0x08006c34      0x148 /home/dmitryneuro/opt/Ac6/SystemWorkbench/plugins/fr.ac6.mcu.externaltools.arm-none.linux64_1.7.0.201602291252/tools/compiler/bin/../lib/gcc/arm-none-eabi/5.2.1/../../../../arm-none-eabi/lib/armv7e-m/fpu/libc.a(lib_a-fflush.o)
                0x08006c34                __sflush_r
 .text._fflush_r
                0x08006d7c       0x2c /home/dmitryneuro/opt/Ac6/SystemWorkbench/plugins/fr.ac6.mcu.externaltools.arm-none.linux64_1.7.0.201602291252/tools/compiler/bin/../lib/gcc/arm-none-eabi/5.2.1/../../../../arm-none-eabi/lib/armv7e-m/fpu/libc.a(lib_a-fflush.o)
                0x08006d7c                _fflush_r
 .text._cleanup_r
                0x08006da8        0xc /home/dmitryneuro/opt/Ac6/SystemWorkbench/plugins/fr.ac6.mcu.externaltools.arm-none.linux64_1.7.0.201602291252/tools/compiler/bin/../lib/gcc/arm-none-eabi/5.2.1/../../../../arm-none-eabi/lib/armv7e-m/fpu/libc.a(lib_a-findfp.o)
                0x08006da8                _cleanup_r
 .text.__sinit.part.1
                0x08006db4       0xf0 /home/dmitryneuro/opt/Ac6/SystemWorkbench/plugins/fr.ac6.mcu.externaltools.arm-none.linux64_1.7.0.201602291252/tools/compiler/bin/../lib/gcc/arm-none-eabi/5.2.1/../../../../arm-none-eabi/lib/armv7e-m/fpu/libc.a(lib_a-findfp.o)
 .text.__sinit  0x08006ea4        0xc /home/dmitryneuro/opt/Ac6/SystemWorkbench/plugins/fr.ac6.mcu.externaltools.arm-none.linux64_1.7.0.201602291252/tools/compiler/bin/../lib/gcc/arm-none-eabi/5.2.1/../../../../arm-none-eabi/lib/armv7e-m/fpu/libc.a(lib_a-findfp.o)
                0x08006ea4                __sinit
 .text.__sfp_lock_acquire
                0x08006eb0        0x4 /home/dmitryneuro/opt/Ac6/SystemWorkbench/plugins/fr.ac6.mcu.externaltools.arm-none.linux64_1.7.0.201602291252/tools/compiler/bin/../lib/gcc/arm-none-eabi/5.2.1/../../../../arm-none-eabi/lib/armv7e-m/fpu/libc.a(lib_a-findfp.o)
                0x08006eb0                __sfp_lock_acquire
 .text.__sfp_lock_release
                0x08006eb4        0x4 /home/dmitryneuro/opt/Ac6/SystemWorkbench/plugins/fr.ac6.mcu.externaltools.arm-none.linux64_1.7.0.201602291252/tools/compiler/bin/../lib/gcc/arm-none-eabi/5.2.1/../../../../arm-none-eabi/lib/armv7e-m/fpu/libc.a(lib_a-findfp.o)
                0x08006eb4                __sfp_lock_release
 .text.__libc_fini_array
                0x08006eb8       0x28 /home/dmitryneuro/opt/Ac6/SystemWorkbench/plugins/fr.ac6.mcu.externaltools.arm-none.linux64_1.7.0.201602291252/tools/compiler/bin/../lib/gcc/arm-none-eabi/5.2.1/../../../../arm-none-eabi/lib/armv7e-m/fpu/libc.a(lib_a-fini.o)
                0x08006eb8                __libc_fini_array
 .text._malloc_trim_r
                0x08006ee0       0x9c /home/dmitryneuro/opt/Ac6/SystemWorkbench/plugins/fr.ac6.mcu.externaltools.arm-none.linux64_1.7.0.201602291252/tools/compiler/bin/../lib/gcc/arm-none-eabi/5.2.1/../../../../arm-none-eabi/lib/armv7e-m/fpu/libc.a(lib_a-freer.o)
                0x08006ee0                _malloc_trim_r
 .text._free_r  0x08006f7c      0x1d0 /home/dmitryneuro/opt/Ac6/SystemWorkbench/plugins/fr.ac6.mcu.externaltools.arm-none.linux64_1.7.0.201602291252/tools/compiler/bin/../lib/gcc/arm-none-eabi/5.2.1/../../../../arm-none-eabi/lib/armv7e-m/fpu/libc.a(lib_a-freer.o)
                0x08006f7c                _free_r
 .text._fwalk_reent
                0x0800714c       0x54 /home/dmitryneuro/opt/Ac6/SystemWorkbench/plugins/fr.ac6.mcu.externaltools.arm-none.linux64_1.7.0.201602291252/tools/compiler/bin/../lib/gcc/arm-none-eabi/5.2.1/../../../../arm-none-eabi/lib/armv7e-m/fpu/libc.a(lib_a-fwalk.o)
                0x0800714c                _fwalk_reent
 .text.__locale_charset
                0x080071a0        0x8 /home/dmitryneuro/opt/Ac6/SystemWorkbench/plugins/fr.ac6.mcu.externaltools.arm-none.linux64_1.7.0.201602291252/tools/compiler/bin/../lib/gcc/arm-none-eabi/5.2.1/../../../../arm-none-eabi/lib/armv7e-m/fpu/libc.a(lib_a-locale.o)
                0x080071a0                __locale_charset
 .text.__locale_mb_cur_max
                0x080071a8        0xc /home/dmitryneuro/opt/Ac6/SystemWorkbench/plugins/fr.ac6.mcu.externaltools.arm-none.linux64_1.7.0.201602291252/tools/compiler/bin/../lib/gcc/arm-none-eabi/5.2.1/../../../../arm-none-eabi/lib/armv7e-m/fpu/libc.a(lib_a-locale.o)
                0x080071a8                __locale_mb_cur_max
 .text._localeconv_r
                0x080071b4        0x8 /home/dmitryneuro/opt/Ac6/SystemWorkbench/plugins/fr.ac6.mcu.externaltools.arm-none.linux64_1.7.0.201602291252/tools/compiler/bin/../lib/gcc/arm-none-eabi/5.2.1/../../../../arm-none-eabi/lib/armv7e-m/fpu/libc.a(lib_a-locale.o)
                0x080071b4                _localeconv_r
 .text.__smakebuf_r
                0x080071bc       0xe0 /home/dmitryneuro/opt/Ac6/SystemWorkbench/plugins/fr.ac6.mcu.externaltools.arm-none.linux64_1.7.0.201602291252/tools/compiler/bin/../lib/gcc/arm-none-eabi/5.2.1/../../../../arm-none-eabi/lib/armv7e-m/fpu/libc.a(lib_a-makebuf.o)
                0x080071bc                __smakebuf_r
 .text._Balloc  0x0800729c       0x4c /home/dmitryneuro/opt/Ac6/SystemWorkbench/plugins/fr.ac6.mcu.externaltools.arm-none.linux64_1.7.0.201602291252/tools/compiler/bin/../lib/gcc/arm-none-eabi/5.2.1/../../../../arm-none-eabi/lib/armv7e-m/fpu/libc.a(lib_a-mprec.o)
                0x0800729c                _Balloc
 .text._Bfree   0x080072e8       0x14 /home/dmitryneuro/opt/Ac6/SystemWorkbench/plugins/fr.ac6.mcu.externaltools.arm-none.linux64_1.7.0.201602291252/tools/compiler/bin/../lib/gcc/arm-none-eabi/5.2.1/../../../../arm-none-eabi/lib/armv7e-m/fpu/libc.a(lib_a-mprec.o)
                0x080072e8                _Bfree
 .text.__multadd
                0x080072fc       0x80 /home/dmitryneuro/opt/Ac6/SystemWorkbench/plugins/fr.ac6.mcu.externaltools.arm-none.linux64_1.7.0.201602291252/tools/compiler/bin/../lib/gcc/arm-none-eabi/5.2.1/../../../../arm-none-eabi/lib/armv7e-m/fpu/libc.a(lib_a-mprec.o)
                0x080072fc                __multadd
 .text.__hi0bits
                0x0800737c       0x40 /home/dmitryneuro/opt/Ac6/SystemWorkbench/plugins/fr.ac6.mcu.externaltools.arm-none.linux64_1.7.0.201602291252/tools/compiler/bin/../lib/gcc/arm-none-eabi/5.2.1/../../../../arm-none-eabi/lib/armv7e-m/fpu/libc.a(lib_a-mprec.o)
                0x0800737c                __hi0bits
 .text.__lo0bits
                0x080073bc       0x5c /home/dmitryneuro/opt/Ac6/SystemWorkbench/plugins/fr.ac6.mcu.externaltools.arm-none.linux64_1.7.0.201602291252/tools/compiler/bin/../lib/gcc/arm-none-eabi/5.2.1/../../../../arm-none-eabi/lib/armv7e-m/fpu/libc.a(lib_a-mprec.o)
                0x080073bc                __lo0bits
 .text.__i2b    0x08007418       0x14 /home/dmitryneuro/opt/Ac6/SystemWorkbench/plugins/fr.ac6.mcu.externaltools.arm-none.linux64_1.7.0.201602291252/tools/compiler/bin/../lib/gcc/arm-none-eabi/5.2.1/../../../../arm-none-eabi/lib/armv7e-m/fpu/libc.a(lib_a-mprec.o)
                0x08007418                __i2b
 .text.__multiply
                0x0800742c      0x130 /home/dmitryneuro/opt/Ac6/SystemWorkbench/plugins/fr.ac6.mcu.externaltools.arm-none.linux64_1.7.0.201602291252/tools/compiler/bin/../lib/gcc/arm-none-eabi/5.2.1/../../../../arm-none-eabi/lib/armv7e-m/fpu/libc.a(lib_a-mprec.o)
                0x0800742c                __multiply
 .text.__pow5mult
                0x0800755c       0xa0 /home/dmitryneuro/opt/Ac6/SystemWorkbench/plugins/fr.ac6.mcu.externaltools.arm-none.linux64_1.7.0.201602291252/tools/compiler/bin/../lib/gcc/arm-none-eabi/5.2.1/../../../../arm-none-eabi/lib/armv7e-m/fpu/libc.a(lib_a-mprec.o)
                0x0800755c                __pow5mult
 .text.__lshift
                0x080075fc       0xb0 /home/dmitryneuro/opt/Ac6/SystemWorkbench/plugins/fr.ac6.mcu.externaltools.arm-none.linux64_1.7.0.201602291252/tools/compiler/bin/../lib/gcc/arm-none-eabi/5.2.1/../../../../arm-none-eabi/lib/armv7e-m/fpu/libc.a(lib_a-mprec.o)
                0x080075fc                __lshift
 .text.__mcmp   0x080076ac       0x44 /home/dmitryneuro/opt/Ac6/SystemWorkbench/plugins/fr.ac6.mcu.externaltools.arm-none.linux64_1.7.0.201602291252/tools/compiler/bin/../lib/gcc/arm-none-eabi/5.2.1/../../../../arm-none-eabi/lib/armv7e-m/fpu/libc.a(lib_a-mprec.o)
                0x080076ac                __mcmp
 .text.__mdiff  0x080076f0      0x114 /home/dmitryneuro/opt/Ac6/SystemWorkbench/plugins/fr.ac6.mcu.externaltools.arm-none.linux64_1.7.0.201602291252/tools/compiler/bin/../lib/gcc/arm-none-eabi/5.2.1/../../../../arm-none-eabi/lib/armv7e-m/fpu/libc.a(lib_a-mprec.o)
                0x080076f0                __mdiff
 .text.__d2b    0x08007804       0xbc /home/dmitryneuro/opt/Ac6/SystemWorkbench/plugins/fr.ac6.mcu.externaltools.arm-none.linux64_1.7.0.201602291252/tools/compiler/bin/../lib/gcc/arm-none-eabi/5.2.1/../../../../arm-none-eabi/lib/armv7e-m/fpu/libc.a(lib_a-mprec.o)
                0x08007804                __d2b
 .text.__fpclassifyd
                0x080078c0       0x5c /home/dmitryneuro/opt/Ac6/SystemWorkbench/plugins/fr.ac6.mcu.externaltools.arm-none.linux64_1.7.0.201602291252/tools/compiler/bin/../lib/gcc/arm-none-eabi/5.2.1/../../../../arm-none-eabi/lib/armv7e-m/fpu/libc.a(lib_a-s_fpclassify.o)
                0x080078c0                __fpclassifyd
 .text.__sread  0x0800791c       0x24 /home/dmitryneuro/opt/Ac6/SystemWorkbench/plugins/fr.ac6.mcu.externaltools.arm-none.linux64_1.7.0.201602291252/tools/compiler/bin/../lib/gcc/arm-none-eabi/5.2.1/../../../../arm-none-eabi/lib/armv7e-m/fpu/libc.a(lib_a-stdio.o)
                0x0800791c                __sread
 .text.__swrite
                0x08007940       0x38 /home/dmitryneuro/opt/Ac6/SystemWorkbench/plugins/fr.ac6.mcu.externaltools.arm-none.linux64_1.7.0.201602291252/tools/compiler/bin/../lib/gcc/arm-none-eabi/5.2.1/../../../../arm-none-eabi/lib/armv7e-m/fpu/libc.a(lib_a-stdio.o)
                0x08007940                __swrite
 .text.__sseek  0x08007978       0x20 /home/dmitryneuro/opt/Ac6/SystemWorkbench/plugins/fr.ac6.mcu.externaltools.arm-none.linux64_1.7.0.201602291252/tools/compiler/bin/../lib/gcc/arm-none-eabi/5.2.1/../../../../arm-none-eabi/lib/armv7e-m/fpu/libc.a(lib_a-stdio.o)
                0x08007978                __sseek
 .text.__sclose
                0x08007998        0x8 /home/dmitryneuro/opt/Ac6/SystemWorkbench/plugins/fr.ac6.mcu.externaltools.arm-none.linux64_1.7.0.201602291252/tools/compiler/bin/../lib/gcc/arm-none-eabi/5.2.1/../../../../arm-none-eabi/lib/armv7e-m/fpu/libc.a(lib_a-stdio.o)
                0x08007998                __sclose
 .text.__sprint_r.part.0
                0x080079a0       0x78 /home/dmitryneuro/opt/Ac6/SystemWorkbench/plugins/fr.ac6.mcu.externaltools.arm-none.linux64_1.7.0.201602291252/tools/compiler/bin/../lib/gcc/arm-none-eabi/5.2.1/../../../../arm-none-eabi/lib/armv7e-m/fpu/libc.a(lib_a-vfiprintf.o)
 .text.__sprint_r
                0x08007a18       0x14 /home/dmitryneuro/opt/Ac6/SystemWorkbench/plugins/fr.ac6.mcu.externaltools.arm-none.linux64_1.7.0.201602291252/tools/compiler/bin/../lib/gcc/arm-none-eabi/5.2.1/../../../../arm-none-eabi/lib/armv7e-m/fpu/libc.a(lib_a-vfiprintf.o)
                0x08007a18                __sprint_r
 .text._write_r
                0x08007a2c       0x2c /home/dmitryneuro/opt/Ac6/SystemWorkbench/plugins/fr.ac6.mcu.externaltools.arm-none.linux64_1.7.0.201602291252/tools/compiler/bin/../lib/gcc/arm-none-eabi/5.2.1/../../../../arm-none-eabi/lib/armv7e-m/fpu/libc.a(lib_a-writer.o)
                0x08007a2c                _write_r
 .text.__register_exitproc
                0x08007a58       0xa4 /home/dmitryneuro/opt/Ac6/SystemWorkbench/plugins/fr.ac6.mcu.externaltools.arm-none.linux64_1.7.0.201602291252/tools/compiler/bin/../lib/gcc/arm-none-eabi/5.2.1/../../../../arm-none-eabi/lib/armv7e-m/fpu/libc.a(lib_a-__atexit.o)
                0x08007a58                __register_exitproc
 .text._calloc_r
                0x08007afc       0x60 /home/dmitryneuro/opt/Ac6/SystemWorkbench/plugins/fr.ac6.mcu.externaltools.arm-none.linux64_1.7.0.201602291252/tools/compiler/bin/../lib/gcc/arm-none-eabi/5.2.1/../../../../arm-none-eabi/lib/armv7e-m/fpu/libc.a(lib_a-callocr.o)
                0x08007afc                _calloc_r
 .text._close_r
                0x08007b5c       0x24 /home/dmitryneuro/opt/Ac6/SystemWorkbench/plugins/fr.ac6.mcu.externaltools.arm-none.linux64_1.7.0.201602291252/tools/compiler/bin/../lib/gcc/arm-none-eabi/5.2.1/../../../../arm-none-eabi/lib/armv7e-m/fpu/libc.a(lib_a-closer.o)
                0x08007b5c                _close_r
 .text._fclose_r
                0x08007b80       0x84 /home/dmitryneuro/opt/Ac6/SystemWorkbench/plugins/fr.ac6.mcu.externaltools.arm-none.linux64_1.7.0.201602291252/tools/compiler/bin/../lib/gcc/arm-none-eabi/5.2.1/../../../../arm-none-eabi/lib/armv7e-m/fpu/libc.a(lib_a-fclose.o)
                0x08007b80                _fclose_r
 .text.__fputwc
                0x08007c04       0xb0 /home/dmitryneuro/opt/Ac6/SystemWorkbench/plugins/fr.ac6.mcu.externaltools.arm-none.linux64_1.7.0.201602291252/tools/compiler/bin/../lib/gcc/arm-none-eabi/5.2.1/../../../../arm-none-eabi/lib/armv7e-m/fpu/libc.a(lib_a-fputwc.o)
                0x08007c04                __fputwc
 .text._fputwc_r
                0x08007cb4       0x24 /home/dmitryneuro/opt/Ac6/SystemWorkbench/plugins/fr.ac6.mcu.externaltools.arm-none.linux64_1.7.0.201602291252/tools/compiler/bin/../lib/gcc/arm-none-eabi/5.2.1/../../../../arm-none-eabi/lib/armv7e-m/fpu/libc.a(lib_a-fputwc.o)
                0x08007cb4                _fputwc_r
 .text._fstat_r
                0x08007cd8       0x28 /home/dmitryneuro/opt/Ac6/SystemWorkbench/plugins/fr.ac6.mcu.externaltools.arm-none.linux64_1.7.0.201602291252/tools/compiler/bin/../lib/gcc/arm-none-eabi/5.2.1/../../../../arm-none-eabi/lib/armv7e-m/fpu/libc.a(lib_a-fstatr.o)
                0x08007cd8                _fstat_r
 .text.__sfvwrite_r
                0x08007d00      0x300 /home/dmitryneuro/opt/Ac6/SystemWorkbench/plugins/fr.ac6.mcu.externaltools.arm-none.linux64_1.7.0.201602291252/tools/compiler/bin/../lib/gcc/arm-none-eabi/5.2.1/../../../../arm-none-eabi/lib/armv7e-m/fpu/libc.a(lib_a-fvwrite.o)
                0x08007d00                __sfvwrite_r
 .text._isatty_r
                0x08008000       0x24 /home/dmitryneuro/opt/Ac6/SystemWorkbench/plugins/fr.ac6.mcu.externaltools.arm-none.linux64_1.7.0.201602291252/tools/compiler/bin/../lib/gcc/arm-none-eabi/5.2.1/../../../../arm-none-eabi/lib/armv7e-m/fpu/libc.a(lib_a-isattyr.o)
                0x08008000                _isatty_r
 .text._lseek_r
                0x08008024       0x2c /home/dmitryneuro/opt/Ac6/SystemWorkbench/plugins/fr.ac6.mcu.externaltools.arm-none.linux64_1.7.0.201602291252/tools/compiler/bin/../lib/gcc/arm-none-eabi/5.2.1/../../../../arm-none-eabi/lib/armv7e-m/fpu/libc.a(lib_a-lseekr.o)
                0x08008024                _lseek_r
 .text.memmove  0x08008050       0xc8 /home/dmitryneuro/opt/Ac6/SystemWorkbench/plugins/fr.ac6.mcu.externaltools.arm-none.linux64_1.7.0.201602291252/tools/compiler/bin/../lib/gcc/arm-none-eabi/5.2.1/../../../../arm-none-eabi/lib/armv7e-m/fpu/libc.a(lib_a-memmove.o)
                0x08008050                memmove
 .text._read_r  0x08008118       0x2c /home/dmitryneuro/opt/Ac6/SystemWorkbench/plugins/fr.ac6.mcu.externaltools.arm-none.linux64_1.7.0.201602291252/tools/compiler/bin/../lib/gcc/arm-none-eabi/5.2.1/../../../../arm-none-eabi/lib/armv7e-m/fpu/libc.a(lib_a-readr.o)
                0x08008118                _read_r
 .text._realloc_r
                0x08008144      0x3e0 /home/dmitryneuro/opt/Ac6/SystemWorkbench/plugins/fr.ac6.mcu.externaltools.arm-none.linux64_1.7.0.201602291252/tools/compiler/bin/../lib/gcc/arm-none-eabi/5.2.1/../../../../arm-none-eabi/lib/armv7e-m/fpu/libc.a(lib_a-reallocr.o)
                0x08008144                _realloc_r
 .text.__swbuf_r
                0x08008524       0xa8 /home/dmitryneuro/opt/Ac6/SystemWorkbench/plugins/fr.ac6.mcu.externaltools.arm-none.linux64_1.7.0.201602291252/tools/compiler/bin/../lib/gcc/arm-none-eabi/5.2.1/../../../../arm-none-eabi/lib/armv7e-m/fpu/libc.a(lib_a-wbuf.o)
                0x08008524                __swbuf_r
 .text._wcrtomb_r
                0x080085cc       0x54 /home/dmitryneuro/opt/Ac6/SystemWorkbench/plugins/fr.ac6.mcu.externaltools.arm-none.linux64_1.7.0.201602291252/tools/compiler/bin/../lib/gcc/arm-none-eabi/5.2.1/../../../../arm-none-eabi/lib/armv7e-m/fpu/libc.a(lib_a-wcrtomb.o)
                0x080085cc                _wcrtomb_r
 .text.__ascii_wctomb
                0x08008620       0x1c /home/dmitryneuro/opt/Ac6/SystemWorkbench/plugins/fr.ac6.mcu.externaltools.arm-none.linux64_1.7.0.201602291252/tools/compiler/bin/../lib/gcc/arm-none-eabi/5.2.1/../../../../arm-none-eabi/lib/armv7e-m/fpu/libc.a(lib_a-wctomb_r.o)
                0x08008620                __ascii_wctomb
 .text.findslot
                0x0800863c       0x38 /home/dmitryneuro/opt/Ac6/SystemWorkbench/plugins/fr.ac6.mcu.externaltools.arm-none.linux64_1.7.0.201602291252/tools/compiler/bin/../lib/gcc/arm-none-eabi/5.2.1/../../../../arm-none-eabi/lib/armv7e-m/fpu/librdimon.a(rdimon-syscalls.o)
 .text.checkerror.part.0
                0x08008674       0x1c /home/dmitryneuro/opt/Ac6/SystemWorkbench/plugins/fr.ac6.mcu.externaltools.arm-none.linux64_1.7.0.201602291252/tools/compiler/bin/../lib/gcc/arm-none-eabi/5.2.1/../../../../arm-none-eabi/lib/armv7e-m/fpu/librdimon.a(rdimon-syscalls.o)
 .text._read    0x08008690       0x50 /home/dmitryneuro/opt/Ac6/SystemWorkbench/plugins/fr.ac6.mcu.externaltools.arm-none.linux64_1.7.0.201602291252/tools/compiler/bin/../lib/gcc/arm-none-eabi/5.2.1/../../../../arm-none-eabi/lib/armv7e-m/fpu/librdimon.a(rdimon-syscalls.o)
                0x08008690                _read
 .text._swilseek
                0x080086e0       0x94 /home/dmitryneuro/opt/Ac6/SystemWorkbench/plugins/fr.ac6.mcu.externaltools.arm-none.linux64_1.7.0.201602291252/tools/compiler/bin/../lib/gcc/arm-none-eabi/5.2.1/../../../../arm-none-eabi/lib/armv7e-m/fpu/librdimon.a(rdimon-syscalls.o)
                0x080086e0                _swilseek
 .text._lseek   0x08008774        0x4 /home/dmitryneuro/opt/Ac6/SystemWorkbench/plugins/fr.ac6.mcu.externaltools.arm-none.linux64_1.7.0.201602291252/tools/compiler/bin/../lib/gcc/arm-none-eabi/5.2.1/../../../../arm-none-eabi/lib/armv7e-m/fpu/librdimon.a(rdimon-syscalls.o)
                0x08008774                _lseek
 .text._write   0x08008778       0x78 /home/dmitryneuro/opt/Ac6/SystemWorkbench/plugins/fr.ac6.mcu.externaltools.arm-none.linux64_1.7.0.201602291252/tools/compiler/bin/../lib/gcc/arm-none-eabi/5.2.1/../../../../arm-none-eabi/lib/armv7e-m/fpu/librdimon.a(rdimon-syscalls.o)
                0x08008778                _write
 .text._close   0x080087f0       0x64 /home/dmitryneuro/opt/Ac6/SystemWorkbench/plugins/fr.ac6.mcu.externaltools.arm-none.linux64_1.7.0.201602291252/tools/compiler/bin/../lib/gcc/arm-none-eabi/5.2.1/../../../../arm-none-eabi/lib/armv7e-m/fpu/librdimon.a(rdimon-syscalls.o)
                0x080087f0                _close
 .text._sbrk    0x08008854       0x4c /home/dmitryneuro/opt/Ac6/SystemWorkbench/plugins/fr.ac6.mcu.externaltools.arm-none.linux64_1.7.0.201602291252/tools/compiler/bin/../lib/gcc/arm-none-eabi/5.2.1/../../../../arm-none-eabi/lib/armv7e-m/fpu/librdimon.a(rdimon-syscalls.o)
                0x08008854                _sbrk
 .text._swistat
                0x080088a0       0x48 /home/dmitryneuro/opt/Ac6/SystemWorkbench/plugins/fr.ac6.mcu.externaltools.arm-none.linux64_1.7.0.201602291252/tools/compiler/bin/../lib/gcc/arm-none-eabi/5.2.1/../../../../arm-none-eabi/lib/armv7e-m/fpu/librdimon.a(rdimon-syscalls.o)
                0x080088a0                _swistat
 .text._fstat   0x080088e8       0x1c /home/dmitryneuro/opt/Ac6/SystemWorkbench/plugins/fr.ac6.mcu.externaltools.arm-none.linux64_1.7.0.201602291252/tools/compiler/bin/../lib/gcc/arm-none-eabi/5.2.1/../../../../arm-none-eabi/lib/armv7e-m/fpu/librdimon.a(rdimon-syscalls.o)
                0x080088e8                _fstat
 .text._isatty  0x08008904       0x3c /home/dmitryneuro/opt/Ac6/SystemWorkbench/plugins/fr.ac6.mcu.externaltools.arm-none.linux64_1.7.0.201602291252/tools/compiler/bin/../lib/gcc/arm-none-eabi/5.2.1/../../../../arm-none-eabi/lib/armv7e-m/fpu/librdimon.a(rdimon-syscalls.o)
                0x08008904                _isatty
 .text.__errno  0x08008940        0xc /home/dmitryneuro/opt/Ac6/SystemWorkbench/plugins/fr.ac6.mcu.externaltools.arm-none.linux64_1.7.0.201602291252/tools/compiler/bin/../lib/gcc/arm-none-eabi/5.2.1/../../../../arm-none-eabi/lib/armv7e-m/fpu/libc.a(lib_a-errno.o)
                0x08008940                __errno
 *(.glue_7)
 .glue_7        0x0800894c        0x0 linker stubs
 *(.glue_7t)
 .glue_7t       0x0800894c        0x0 linker stubs
 *(.eh_frame)
 .eh_frame      0x0800894c        0x0 /home/dmitryneuro/opt/Ac6/SystemWorkbench/plugins/fr.ac6.mcu.externaltools.arm-none.linux64_1.7.0.201602291252/tools/compiler/bin/../lib/gcc/arm-none-eabi/5.2.1/armv7e-m/fpu/crtbegin.o
 *(.init)
 .init          0x0800894c        0x4 /home/dmitryneuro/opt/Ac6/SystemWorkbench/plugins/fr.ac6.mcu.externaltools.arm-none.linux64_1.7.0.201602291252/tools/compiler/bin/../lib/gcc/arm-none-eabi/5.2.1/armv7e-m/fpu/crti.o
                0x0800894c                _init
 .init          0x08008950        0x8 /home/dmitryneuro/opt/Ac6/SystemWorkbench/plugins/fr.ac6.mcu.externaltools.arm-none.linux64_1.7.0.201602291252/tools/compiler/bin/../lib/gcc/arm-none-eabi/5.2.1/armv7e-m/fpu/crtn.o
 *(.fini)
 .fini          0x08008958        0x4 /home/dmitryneuro/opt/Ac6/SystemWorkbench/plugins/fr.ac6.mcu.externaltools.arm-none.linux64_1.7.0.201602291252/tools/compiler/bin/../lib/gcc/arm-none-eabi/5.2.1/armv7e-m/fpu/crti.o
                0x08008958                _fini
 .fini          0x0800895c        0x8 /home/dmitryneuro/opt/Ac6/SystemWorkbench/plugins/fr.ac6.mcu.externaltools.arm-none.linux64_1.7.0.201602291252/tools/compiler/bin/../lib/gcc/arm-none-eabi/5.2.1/armv7e-m/fpu/crtn.o
                0x08008964                . = ALIGN (0x4)
                0x08008964                _etext = .

.vfp11_veneer   0x08008964        0x0
 .vfp11_veneer  0x08008964        0x0 linker stubs

.v4_bx          0x08008964        0x0
 .v4_bx         0x08008964        0x0 linker stubs

.iplt           0x08008964        0x0
 .iplt          0x08008964        0x0 /home/dmitryneuro/opt/Ac6/SystemWorkbench/plugins/fr.ac6.mcu.externaltools.arm-none.linux64_1.7.0.201602291252/tools/compiler/bin/../lib/gcc/arm-none-eabi/5.2.1/armv7e-m/fpu/crtbegin.o

.rodata         0x08008968      0x3b8
                0x08008968                . = ALIGN (0x4)
 *(.rodata)
 .rodata        0x08008968        0x8 Drivers/STM32F4xx_HAL_Driver/Src/stm32f4xx_hal_dma.o
 .rodata        0x08008970       0x10 Drivers/STM32F4xx_HAL_Driver/Src/stm32f4xx_hal_rcc.o
                0x08008970                APBAHBPrescTable
 .rodata        0x08008980      0x1a0 Src/ad7779.o
                0x080089b1                pin_mode_options
 *(.rodata*)
 .rodata.str1.1
                0x08008b20       0x7c Src/ad7779.o
 .rodata.str1.4
                0x08008b9c        0x2 /home/dmitryneuro/opt/Ac6/SystemWorkbench/plugins/fr.ac6.mcu.externaltools.arm-none.linux64_1.7.0.201602291252/tools/compiler/bin/../lib/gcc/arm-none-eabi/5.2.1/../../../../arm-none-eabi/lib/armv7e-m/fpu/libc.a(lib_a-impure.o)
 *fill*         0x08008b9e        0x2 
 .rodata._global_impure_ptr
                0x08008ba0        0x4 /home/dmitryneuro/opt/Ac6/SystemWorkbench/plugins/fr.ac6.mcu.externaltools.arm-none.linux64_1.7.0.201602291252/tools/compiler/bin/../lib/gcc/arm-none-eabi/5.2.1/../../../../arm-none-eabi/lib/armv7e-m/fpu/libc.a(lib_a-impure.o)
                0x08008ba0                _global_impure_ptr
 .rodata.zeroes.7025
                0x08008ba4       0x10 /home/dmitryneuro/opt/Ac6/SystemWorkbench/plugins/fr.ac6.mcu.externaltools.arm-none.linux64_1.7.0.201602291252/tools/compiler/bin/../lib/gcc/arm-none-eabi/5.2.1/../../../../arm-none-eabi/lib/armv7e-m/fpu/libc.a(lib_a-vfprintf.o)
 .rodata.blanks.7024
                0x08008bb4       0x10 /home/dmitryneuro/opt/Ac6/SystemWorkbench/plugins/fr.ac6.mcu.externaltools.arm-none.linux64_1.7.0.201602291252/tools/compiler/bin/../lib/gcc/arm-none-eabi/5.2.1/../../../../arm-none-eabi/lib/armv7e-m/fpu/libc.a(lib_a-vfprintf.o)
 .rodata.str1.4
                0x08008bc4       0x42 /home/dmitryneuro/opt/Ac6/SystemWorkbench/plugins/fr.ac6.mcu.externaltools.arm-none.linux64_1.7.0.201602291252/tools/compiler/bin/../lib/gcc/arm-none-eabi/5.2.1/../../../../arm-none-eabi/lib/armv7e-m/fpu/libc.a(lib_a-vfprintf.o)
 *fill*         0x08008c06        0x2 
 .rodata.str1.4
                0x08008c08       0x10 /home/dmitryneuro/opt/Ac6/SystemWorkbench/plugins/fr.ac6.mcu.externaltools.arm-none.linux64_1.7.0.201602291252/tools/compiler/bin/../lib/gcc/arm-none-eabi/5.2.1/../../../../arm-none-eabi/lib/armv7e-m/fpu/libc.a(lib_a-dtoa.o)
                                 0x12 (size before relaxing)
 .rodata.str1.4
                0x08008c18        0xc /home/dmitryneuro/opt/Ac6/SystemWorkbench/plugins/fr.ac6.mcu.externaltools.arm-none.linux64_1.7.0.201602291252/tools/compiler/bin/../lib/gcc/arm-none-eabi/5.2.1/../../../../arm-none-eabi/lib/armv7e-m/fpu/libc.a(lib_a-locale.o)
                                 0x12 (size before relaxing)
 .rodata.p05.5404
                0x08008c24        0xc /home/dmitryneuro/opt/Ac6/SystemWorkbench/plugins/fr.ac6.mcu.externaltools.arm-none.linux64_1.7.0.201602291252/tools/compiler/bin/../lib/gcc/arm-none-eabi/5.2.1/../../../../arm-none-eabi/lib/armv7e-m/fpu/libc.a(lib_a-mprec.o)
 .rodata.__mprec_tens
                0x08008c30       0xc8 /home/dmitryneuro/opt/Ac6/SystemWorkbench/plugins/fr.ac6.mcu.externaltools.arm-none.linux64_1.7.0.201602291252/tools/compiler/bin/../lib/gcc/arm-none-eabi/5.2.1/../../../../arm-none-eabi/lib/armv7e-m/fpu/libc.a(lib_a-mprec.o)
                0x08008c30                __mprec_tens
 .rodata.__mprec_bigtens
                0x08008cf8       0x28 /home/dmitryneuro/opt/Ac6/SystemWorkbench/plugins/fr.ac6.mcu.externaltools.arm-none.linux64_1.7.0.201602291252/tools/compiler/bin/../lib/gcc/arm-none-eabi/5.2.1/../../../../arm-none-eabi/lib/armv7e-m/fpu/libc.a(lib_a-mprec.o)
                0x08008cf8                __mprec_bigtens
                0x08008d20                . = ALIGN (0x4)

.ARM.extab
 *(.ARM.extab* .gnu.linkonce.armextab.*)

.ARM            0x08008d20        0x8
                0x08008d20                __exidx_start = .
 *(.ARM.exidx*)
 .ARM.exidx     0x08008d20        0x8 /home/dmitryneuro/opt/Ac6/SystemWorkbench/plugins/fr.ac6.mcu.externaltools.arm-none.linux64_1.7.0.201602291252/tools/compiler/bin/../lib/gcc/arm-none-eabi/5.2.1/armv7e-m/fpu/libgcc.a(_udivmoddi4.o)
                0x08008d28                __exidx_end = .

.rel.dyn        0x08008d28        0x0
 .rel.iplt      0x08008d28        0x0 /home/dmitryneuro/opt/Ac6/SystemWorkbench/plugins/fr.ac6.mcu.externaltools.arm-none.linux64_1.7.0.201602291252/tools/compiler/bin/../lib/gcc/arm-none-eabi/5.2.1/armv7e-m/fpu/crtbegin.o

.preinit_array  0x08008d28        0x0
                0x08008d28                PROVIDE (__preinit_array_start, .)
 *(.preinit_array*)
                0x08008d28                PROVIDE (__preinit_array_end, .)

.init_array     0x08008d28        0x8
                0x08008d28                PROVIDE (__init_array_start, .)
 *(SORT(.init_array.*))
 .init_array.00000
                0x08008d28        0x4 /home/dmitryneuro/opt/Ac6/SystemWorkbench/plugins/fr.ac6.mcu.externaltools.arm-none.linux64_1.7.0.201602291252/tools/compiler/bin/../lib/gcc/arm-none-eabi/5.2.1/../../../../arm-none-eabi/lib/armv7e-m/fpu/libc.a(lib_a-__call_atexit.o)
 *(.init_array*)
 .init_array    0x08008d2c        0x4 /home/dmitryneuro/opt/Ac6/SystemWorkbench/plugins/fr.ac6.mcu.externaltools.arm-none.linux64_1.7.0.201602291252/tools/compiler/bin/../lib/gcc/arm-none-eabi/5.2.1/armv7e-m/fpu/crtbegin.o
                0x08008d30                PROVIDE (__init_array_end, .)

.fini_array     0x08008d30        0x4
                0x08008d30                PROVIDE (__fini_array_start, .)
 *(SORT(.fini_array.*))
 *(.fini_array*)
 .fini_array    0x08008d30        0x4 /home/dmitryneuro/opt/Ac6/SystemWorkbench/plugins/fr.ac6.mcu.externaltools.arm-none.linux64_1.7.0.201602291252/tools/compiler/bin/../lib/gcc/arm-none-eabi/5.2.1/armv7e-m/fpu/crtbegin.o
                0x08008d34                PROVIDE (__fini_array_end, .)
                0x08008d34                _sidata = LOADADDR (.data)

.data           0x20000000      0x910 load address 0x08008d34
                0x20000000                . = ALIGN (0x4)
                0x20000000                _sdata = .
 *(.data)
 .data          0x20000000       0x68 Src/main.o
                0x20000000                aui8_8b_
                0x20000008                led_pins
                0x20000010                led_ports
                0x20000020                aui8_8b
                0x20000028                aui8_7b
                0x2000002f                aui8_6b
                0x20000035                str_out
                0x20000049                str_in
                0x20000050                reset_pins
                0x20000058                reset_ports
 .data          0x20000068        0x4 Src/system_stm32f4xx.o
                0x20000068                SystemCoreClock
 *(.data*)
 *fill*         0x2000006c        0x4 
 .data.impure_data
                0x20000070      0x428 /home/dmitryneuro/opt/Ac6/SystemWorkbench/plugins/fr.ac6.mcu.externaltools.arm-none.linux64_1.7.0.201602291252/tools/compiler/bin/../lib/gcc/arm-none-eabi/5.2.1/../../../../arm-none-eabi/lib/armv7e-m/fpu/libc.a(lib_a-impure.o)
 .data._impure_ptr
                0x20000498        0x4 /home/dmitryneuro/opt/Ac6/SystemWorkbench/plugins/fr.ac6.mcu.externaltools.arm-none.linux64_1.7.0.201602291252/tools/compiler/bin/../lib/gcc/arm-none-eabi/5.2.1/../../../../arm-none-eabi/lib/armv7e-m/fpu/libc.a(lib_a-impure.o)
                0x20000498                _impure_ptr
 .data.__malloc_av_
                0x2000049c      0x408 /home/dmitryneuro/opt/Ac6/SystemWorkbench/plugins/fr.ac6.mcu.externaltools.arm-none.linux64_1.7.0.201602291252/tools/compiler/bin/../lib/gcc/arm-none-eabi/5.2.1/../../../../arm-none-eabi/lib/armv7e-m/fpu/libc.a(lib_a-mallocr.o)
                0x2000049c                __malloc_av_
 .data.__malloc_trim_threshold
                0x200008a4        0x4 /home/dmitryneuro/opt/Ac6/SystemWorkbench/plugins/fr.ac6.mcu.externaltools.arm-none.linux64_1.7.0.201602291252/tools/compiler/bin/../lib/gcc/arm-none-eabi/5.2.1/../../../../arm-none-eabi/lib/armv7e-m/fpu/libc.a(lib_a-mallocr.o)
                0x200008a4                __malloc_trim_threshold
 .data.__malloc_sbrk_base
                0x200008a8        0x4 /home/dmitryneuro/opt/Ac6/SystemWorkbench/plugins/fr.ac6.mcu.externaltools.arm-none.linux64_1.7.0.201602291252/tools/compiler/bin/../lib/gcc/arm-none-eabi/5.2.1/../../../../arm-none-eabi/lib/armv7e-m/fpu/libc.a(lib_a-mallocr.o)
                0x200008a8                __malloc_sbrk_base
 .data.lconv    0x200008ac       0x38 /home/dmitryneuro/opt/Ac6/SystemWorkbench/plugins/fr.ac6.mcu.externaltools.arm-none.linux64_1.7.0.201602291252/tools/compiler/bin/../lib/gcc/arm-none-eabi/5.2.1/../../../../arm-none-eabi/lib/armv7e-m/fpu/libc.a(lib_a-locale.o)
 .data.lc_ctype_charset
                0x200008e4       0x20 /home/dmitryneuro/opt/Ac6/SystemWorkbench/plugins/fr.ac6.mcu.externaltools.arm-none.linux64_1.7.0.201602291252/tools/compiler/bin/../lib/gcc/arm-none-eabi/5.2.1/../../../../arm-none-eabi/lib/armv7e-m/fpu/libc.a(lib_a-locale.o)
 .data.__mb_cur_max
                0x20000904        0x4 /home/dmitryneuro/opt/Ac6/SystemWorkbench/plugins/fr.ac6.mcu.externaltools.arm-none.linux64_1.7.0.201602291252/tools/compiler/bin/../lib/gcc/arm-none-eabi/5.2.1/../../../../arm-none-eabi/lib/armv7e-m/fpu/libc.a(lib_a-locale.o)
                0x20000904                __mb_cur_max
 .data.__wctomb
                0x20000908        0x4 /home/dmitryneuro/opt/Ac6/SystemWorkbench/plugins/fr.ac6.mcu.externaltools.arm-none.linux64_1.7.0.201602291252/tools/compiler/bin/../lib/gcc/arm-none-eabi/5.2.1/../../../../arm-none-eabi/lib/armv7e-m/fpu/libc.a(lib_a-wctomb_r.o)
                0x20000908                __wctomb
 .data.__heap_limit
                0x2000090c        0x4 /home/dmitryneuro/opt/Ac6/SystemWorkbench/plugins/fr.ac6.mcu.externaltools.arm-none.linux64_1.7.0.201602291252/tools/compiler/bin/../lib/gcc/arm-none-eabi/5.2.1/../../../../arm-none-eabi/lib/armv7e-m/fpu/librdimon.a(rdimon-syscalls.o)
                0x2000090c                __heap_limit
                0x20000910                . = ALIGN (0x4)
                0x20000910                _edata = .
                0x08009644                _siccmram = LOADADDR (.ccmram)

.jcr            0x20000910        0x0 load address 0x08009644
 .jcr           0x20000910        0x0 /home/dmitryneuro/opt/Ac6/SystemWorkbench/plugins/fr.ac6.mcu.externaltools.arm-none.linux64_1.7.0.201602291252/tools/compiler/bin/../lib/gcc/arm-none-eabi/5.2.1/armv7e-m/fpu/crtbegin.o

.tm_clone_table
                0x20000910        0x0 load address 0x08009644
 .tm_clone_table
                0x20000910        0x0 /home/dmitryneuro/opt/Ac6/SystemWorkbench/plugins/fr.ac6.mcu.externaltools.arm-none.linux64_1.7.0.201602291252/tools/compiler/bin/../lib/gcc/arm-none-eabi/5.2.1/armv7e-m/fpu/crtbegin.o
 .tm_clone_table
                0x20000910        0x0 /home/dmitryneuro/opt/Ac6/SystemWorkbench/plugins/fr.ac6.mcu.externaltools.arm-none.linux64_1.7.0.201602291252/tools/compiler/bin/../lib/gcc/arm-none-eabi/5.2.1/armv7e-m/fpu/crtend.o

.igot.plt       0x20000910        0x0 load address 0x08009644
 .igot.plt      0x20000910        0x0 /home/dmitryneuro/opt/Ac6/SystemWorkbench/plugins/fr.ac6.mcu.externaltools.arm-none.linux64_1.7.0.201602291252/tools/compiler/bin/../lib/gcc/arm-none-eabi/5.2.1/armv7e-m/fpu/crtbegin.o

.ccmram         0x10000000        0x0 load address 0x08009644
                0x10000000                . = ALIGN (0x4)
                0x10000000                _sccmram = .
 *(.ccmram)
 *(.ccmram*)
                0x10000000                . = ALIGN (0x4)
                0x10000000                _eccmram = .
                0x10000000                . = ALIGN (0x4)

.bss            0x20000910     0xe484
                0x20000910                _sbss = .
                0x20000910                __bss_start__ = _sbss
 *(.bss)
 .bss           0x20000910       0x1c /home/dmitryneuro/opt/Ac6/SystemWorkbench/plugins/fr.ac6.mcu.externaltools.arm-none.linux64_1.7.0.201602291252/tools/compiler/bin/../lib/gcc/arm-none-eabi/5.2.1/armv7e-m/fpu/crtbegin.o
 .bss           0x2000092c       0x65 Src/main.o
                0x2000092c                uicount
                0x20000930                last_index_fill_adc_buffer
                0x20000934                ui8SampleNumber
                0x20000938                times_count
                0x2000093c                ui32SampleNumber
                0x20000940                last_stddev_count
                0x20000944                c7
                0x20000948                c6
                0x2000094c                c5
                0x20000950                c4
                0x20000954                c3
                0x20000958                c2
                0x2000095c                c1
                0x20000960                c0
                0x20000964                c01
                0x20000968                c00
                0x2000096c                c_03
                0x20000970                c_02
                0x20000974                c_01
                0x20000978                c_00
                0x2000097c                c_3
                0x20000980                c_2
                0x20000984                c_1
                0x20000988                c_0
                0x2000098c                c000
                0x20000990                UartReady
 *(.bss*)
 *fill*         0x20000991        0x3 
 .bss.__malloc_max_total_mem
                0x20000994        0x4 /home/dmitryneuro/opt/Ac6/SystemWorkbench/plugins/fr.ac6.mcu.externaltools.arm-none.linux64_1.7.0.201602291252/tools/compiler/bin/../lib/gcc/arm-none-eabi/5.2.1/../../../../arm-none-eabi/lib/armv7e-m/fpu/libc.a(lib_a-mallocr.o)
                0x20000994                __malloc_max_total_mem
 .bss.__malloc_max_sbrked_mem
                0x20000998        0x4 /home/dmitryneuro/opt/Ac6/SystemWorkbench/plugins/fr.ac6.mcu.externaltools.arm-none.linux64_1.7.0.201602291252/tools/compiler/bin/../lib/gcc/arm-none-eabi/5.2.1/../../../../arm-none-eabi/lib/armv7e-m/fpu/libc.a(lib_a-mallocr.o)
                0x20000998                __malloc_max_sbrked_mem
 .bss.__malloc_top_pad
                0x2000099c        0x4 /home/dmitryneuro/opt/Ac6/SystemWorkbench/plugins/fr.ac6.mcu.externaltools.arm-none.linux64_1.7.0.201602291252/tools/compiler/bin/../lib/gcc/arm-none-eabi/5.2.1/../../../../arm-none-eabi/lib/armv7e-m/fpu/libc.a(lib_a-mallocr.o)
                0x2000099c                __malloc_top_pad
 .bss.__malloc_current_mallinfo
                0x200009a0       0x28 /home/dmitryneuro/opt/Ac6/SystemWorkbench/plugins/fr.ac6.mcu.externaltools.arm-none.linux64_1.7.0.201602291252/tools/compiler/bin/../lib/gcc/arm-none-eabi/5.2.1/../../../../arm-none-eabi/lib/armv7e-m/fpu/libc.a(lib_a-mallocr.o)
                0x200009a0                __malloc_current_mallinfo
 .bss.heap_end.6103
                0x200009c8        0x4 /home/dmitryneuro/opt/Ac6/SystemWorkbench/plugins/fr.ac6.mcu.externaltools.arm-none.linux64_1.7.0.201602291252/tools/compiler/bin/../lib/gcc/arm-none-eabi/5.2.1/../../../../arm-none-eabi/lib/armv7e-m/fpu/librdimon.a(rdimon-syscalls.o)
 .bss.openfiles
                0x200009cc       0xa0 /home/dmitryneuro/opt/Ac6/SystemWorkbench/plugins/fr.ac6.mcu.externaltools.arm-none.linux64_1.7.0.201602291252/tools/compiler/bin/../lib/gcc/arm-none-eabi/5.2.1/../../../../arm-none-eabi/lib/armv7e-m/fpu/librdimon.a(rdimon-syscalls.o)
 *(COMMON)
 COMMON         0x20000a6c        0x4 Drivers/STM32F4xx_HAL_Driver/Src/stm32f4xx_hal.o
                0x20000a6c                uwTick
 COMMON         0x20000a70     0xe320 Src/main.o
                0x20000a70                hdma_usart2_rx
                0x20000ad0                crc8_01
                0x20000ad4                hspi2
                0x20000b2c                FFT_Output_Q15
                0x2000132c                dataBuffer_print2
                0x200013f4                times
                0x20001444                data1
                0x20001464                data2
                0x20001484                data4
                0x200014a4                crc8_45
                0x200014a8                hdma_spi2_rx
                0x20001508                aFFT_Input_f32
                0x20003508                hdma_spi4_rx
                0x20003568                crc8
                0x2000356c                crc8_67
                0x2000356d                crc8_23
                0x20003570                hspi3
                0x200035c8                datas
                0x20003648                datas_out
                0x200036c8                hdma_spi3_tx
                0x20003728                dataBuffer_print
                0x200037f0                hdma_usart1_tx
                0x20003850                crc8ok
                0x20003854                hdma_usart1_rx
                0x200038b4                hdma_usart2_tx
                0x20003914                huart1
                0x20003954                hdma_spi4_tx
                0x200039b4                aFFT_Output_f32
                0x200049b4                _uhADCxConvertedValue
                0x200049b8                time1
                0x200049bc                aFFT_Input_Q31
                0x200069bc                hspi4
                0x20006a14                stddevmaxs
                0x20006a64                aFFT_Input_Q15
                0x20007a64                FFT_Output_Q31
                0x20008a64                crcBuffer
                0x20008a84                FFT_Input_Q31_f
                0x2000aa84                data3
                0x2000aaa4                aRxBuffer
                0x2000aac4                FFT_Input_Q15_f
                0x2000cac4                hspi1
                0x2000cb1c                samples_int32_average
                0x2000cb9c                huart2
                0x2000cbdc                hdma_spi1_rx
                0x2000cc3c                frac_secs1
                0x2000cc40                crc8fromad
                0x2000cc44                _aADC1ConvertedValue_s
                0x2000ec44                channelnumberok
                0x2000ec4c                hdma_spi2_tx
                0x2000ecac                hdma_spi1_tx
                0x2000ed0c                hdma_spi3_rx
                0x2000ed6c                _nb_cycles
                0x2000ed70                aTxBuffer
 COMMON         0x2000ed90        0x4 /home/dmitryneuro/opt/Ac6/SystemWorkbench/plugins/fr.ac6.mcu.externaltools.arm-none.linux64_1.7.0.201602291252/tools/compiler/bin/../lib/gcc/arm-none-eabi/5.2.1/../../../../arm-none-eabi/lib/armv7e-m/fpu/libc.a(lib_a-reent.o)
                0x2000ed90                errno
                0x2000ed94                . = ALIGN (0x4)
                0x2000ed94                _ebss = .
                0x2000ed94                __bss_end__ = _ebss

._user_heap_stack
                0x2000ed94      0x604
                0x2000ed98                . = ALIGN (0x8)
 *fill*         0x2000ed94        0x4 
                0x2000ed98                PROVIDE (end, .)
                [!provide]                PROVIDE (_end, .)
                0x2000ef98                . = (. + _Min_Heap_Size)
 *fill*         0x2000ed98      0x200 
                0x2000f398                . = (. + _Min_Stack_Size)
 *fill*         0x2000ef98      0x400 
                0x2000f398                . = ALIGN (0x8)

/DISCARD/
 libc.a(*)
 libm.a(*)
 libgcc.a(*)

.ARM.attributes
                0x00000000       0x30
 *(.ARM.attributes)
 .ARM.attributes
                0x00000000       0x22 /home/dmitryneuro/opt/Ac6/SystemWorkbench/plugins/fr.ac6.mcu.externaltools.arm-none.linux64_1.7.0.201602291252/tools/compiler/bin/../lib/gcc/arm-none-eabi/5.2.1/armv7e-m/fpu/crti.o
 .ARM.attributes
                0x00000022       0x34 /home/dmitryneuro/opt/Ac6/SystemWorkbench/plugins/fr.ac6.mcu.externaltools.arm-none.linux64_1.7.0.201602291252/tools/compiler/bin/../lib/gcc/arm-none-eabi/5.2.1/armv7e-m/fpu/crtbegin.o
 .ARM.attributes
                0x00000056       0x21 Drivers/CMSIS/Device/ST/STM32F4xx/Source/Templates/gcc/startup_stm32f427xx.o
 .ARM.attributes
                0x00000077       0x39 Drivers/STM32F4xx_HAL_Driver/Src/stm32f4xx_hal.o
 .ARM.attributes
                0x000000b0       0x39 Drivers/STM32F4xx_HAL_Driver/Src/stm32f4xx_hal_cortex.o
 .ARM.attributes
                0x000000e9       0x39 Drivers/STM32F4xx_HAL_Driver/Src/stm32f4xx_hal_dma.o
 .ARM.attributes
                0x00000122       0x39 Drivers/STM32F4xx_HAL_Driver/Src/stm32f4xx_hal_gpio.o
 .ARM.attributes
                0x0000015b       0x39 Drivers/STM32F4xx_HAL_Driver/Src/stm32f4xx_hal_pwr_ex.o
 .ARM.attributes
                0x00000194       0x39 Drivers/STM32F4xx_HAL_Driver/Src/stm32f4xx_hal_rcc.o
 .ARM.attributes
                0x000001cd       0x39 Drivers/STM32F4xx_HAL_Driver/Src/stm32f4xx_hal_spi.o
 .ARM.attributes
                0x00000206       0x39 Drivers/STM32F4xx_HAL_Driver/Src/stm32f4xx_hal_uart.o
 .ARM.attributes
                0x0000023f       0x39 Src/ad7779.o
 .ARM.attributes
                0x00000278       0x39 Src/main.o
 .ARM.attributes
                0x000002b1       0x39 Src/platform_drivers.o
 .ARM.attributes
                0x000002ea       0x39 Src/stm32f4xx_hal_msp.o
 .ARM.attributes
                0x00000323       0x39 Src/stm32f4xx_it.o
 .ARM.attributes
                0x0000035c       0x39 Src/system_stm32f4xx.o
 .ARM.attributes
                0x00000395       0x22 /home/dmitryneuro/opt/Ac6/SystemWorkbench/plugins/fr.ac6.mcu.externaltools.arm-none.linux64_1.7.0.201602291252/tools/compiler/bin/../lib/gcc/arm-none-eabi/5.2.1/armv7e-m/fpu/libgcc.a(_aeabi_uldivmod.o)
 .ARM.attributes
                0x000003b7       0x34 /home/dmitryneuro/opt/Ac6/SystemWorkbench/plugins/fr.ac6.mcu.externaltools.arm-none.linux64_1.7.0.201602291252/tools/compiler/bin/../lib/gcc/arm-none-eabi/5.2.1/armv7e-m/fpu/libgcc.a(_udivmoddi4.o)
 .ARM.attributes
                0x000003eb       0x22 /home/dmitryneuro/opt/Ac6/SystemWorkbench/plugins/fr.ac6.mcu.externaltools.arm-none.linux64_1.7.0.201602291252/tools/compiler/bin/../lib/gcc/arm-none-eabi/5.2.1/armv7e-m/fpu/libgcc.a(_dvmd_tls.o)
 .ARM.attributes
                0x0000040d       0x22 /home/dmitryneuro/opt/Ac6/SystemWorkbench/plugins/fr.ac6.mcu.externaltools.arm-none.linux64_1.7.0.201602291252/tools/compiler/bin/../lib/gcc/arm-none-eabi/5.2.1/armv7e-m/fpu/libgcc.a(_arm_addsubdf3.o)
 .ARM.attributes
                0x0000042f       0x22 /home/dmitryneuro/opt/Ac6/SystemWorkbench/plugins/fr.ac6.mcu.externaltools.arm-none.linux64_1.7.0.201602291252/tools/compiler/bin/../lib/gcc/arm-none-eabi/5.2.1/armv7e-m/fpu/libgcc.a(_arm_muldivdf3.o)
 .ARM.attributes
                0x00000451       0x34 /home/dmitryneuro/opt/Ac6/SystemWorkbench/plugins/fr.ac6.mcu.externaltools.arm-none.linux64_1.7.0.201602291252/tools/compiler/bin/../lib/gcc/arm-none-eabi/5.2.1/../../../../arm-none-eabi/lib/armv7e-m/fpu/libc.a(lib_a-impure.o)
 .ARM.attributes
                0x00000485       0x34 /home/dmitryneuro/opt/Ac6/SystemWorkbench/plugins/fr.ac6.mcu.externaltools.arm-none.linux64_1.7.0.201602291252/tools/compiler/bin/../lib/gcc/arm-none-eabi/5.2.1/../../../../arm-none-eabi/lib/armv7e-m/fpu/libc.a(lib_a-init.o)
 .ARM.attributes
                0x000004b9       0x34 /home/dmitryneuro/opt/Ac6/SystemWorkbench/plugins/fr.ac6.mcu.externaltools.arm-none.linux64_1.7.0.201602291252/tools/compiler/bin/../lib/gcc/arm-none-eabi/5.2.1/../../../../arm-none-eabi/lib/armv7e-m/fpu/libc.a(lib_a-malloc.o)
 .ARM.attributes
                0x000004ed       0x34 /home/dmitryneuro/opt/Ac6/SystemWorkbench/plugins/fr.ac6.mcu.externaltools.arm-none.linux64_1.7.0.201602291252/tools/compiler/bin/../lib/gcc/arm-none-eabi/5.2.1/../../../../arm-none-eabi/lib/armv7e-m/fpu/libc.a(lib_a-mallocr.o)
 .ARM.attributes
                0x00000521       0x20 /home/dmitryneuro/opt/Ac6/SystemWorkbench/plugins/fr.ac6.mcu.externaltools.arm-none.linux64_1.7.0.201602291252/tools/compiler/bin/../lib/gcc/arm-none-eabi/5.2.1/../../../../arm-none-eabi/lib/armv7e-m/fpu/libc.a(lib_a-memcpy.o)
 .ARM.attributes
                0x00000541       0x34 /home/dmitryneuro/opt/Ac6/SystemWorkbench/plugins/fr.ac6.mcu.externaltools.arm-none.linux64_1.7.0.201602291252/tools/compiler/bin/../lib/gcc/arm-none-eabi/5.2.1/../../../../arm-none-eabi/lib/armv7e-m/fpu/libc.a(lib_a-memset.o)
 .ARM.attributes
                0x00000575       0x34 /home/dmitryneuro/opt/Ac6/SystemWorkbench/plugins/fr.ac6.mcu.externaltools.arm-none.linux64_1.7.0.201602291252/tools/compiler/bin/../lib/gcc/arm-none-eabi/5.2.1/../../../../arm-none-eabi/lib/armv7e-m/fpu/libc.a(lib_a-mlock.o)
 .ARM.attributes
                0x000005a9       0x34 /home/dmitryneuro/opt/Ac6/SystemWorkbench/plugins/fr.ac6.mcu.externaltools.arm-none.linux64_1.7.0.201602291252/tools/compiler/bin/../lib/gcc/arm-none-eabi/5.2.1/../../../../arm-none-eabi/lib/armv7e-m/fpu/libc.a(lib_a-printf.o)
 .ARM.attributes
                0x000005dd       0x34 /home/dmitryneuro/opt/Ac6/SystemWorkbench/plugins/fr.ac6.mcu.externaltools.arm-none.linux64_1.7.0.201602291252/tools/compiler/bin/../lib/gcc/arm-none-eabi/5.2.1/../../../../arm-none-eabi/lib/armv7e-m/fpu/libc.a(lib_a-sbrkr.o)
 .ARM.attributes
                0x00000611       0x20 /home/dmitryneuro/opt/Ac6/SystemWorkbench/plugins/fr.ac6.mcu.externaltools.arm-none.linux64_1.7.0.201602291252/tools/compiler/bin/../lib/gcc/arm-none-eabi/5.2.1/../../../../arm-none-eabi/lib/armv7e-m/fpu/libc.a(lib_a-strlen.o)
 .ARM.attributes
                0x00000631       0x34 /home/dmitryneuro/opt/Ac6/SystemWorkbench/plugins/fr.ac6.mcu.externaltools.arm-none.linux64_1.7.0.201602291252/tools/compiler/bin/../lib/gcc/arm-none-eabi/5.2.1/../../../../arm-none-eabi/lib/armv7e-m/fpu/libc.a(lib_a-vfprintf.o)
 .ARM.attributes
                0x00000665       0x34 /home/dmitryneuro/opt/Ac6/SystemWorkbench/plugins/fr.ac6.mcu.externaltools.arm-none.linux64_1.7.0.201602291252/tools/compiler/bin/../lib/gcc/arm-none-eabi/5.2.1/../../../../arm-none-eabi/lib/armv7e-m/fpu/libc.a(lib_a-wsetup.o)
 .ARM.attributes
                0x00000699       0x34 /home/dmitryneuro/opt/Ac6/SystemWorkbench/plugins/fr.ac6.mcu.externaltools.arm-none.linux64_1.7.0.201602291252/tools/compiler/bin/../lib/gcc/arm-none-eabi/5.2.1/../../../../arm-none-eabi/lib/armv7e-m/fpu/libc.a(lib_a-__call_atexit.o)
 .ARM.attributes
                0x000006cd       0x34 /home/dmitryneuro/opt/Ac6/SystemWorkbench/plugins/fr.ac6.mcu.externaltools.arm-none.linux64_1.7.0.201602291252/tools/compiler/bin/../lib/gcc/arm-none-eabi/5.2.1/../../../../arm-none-eabi/lib/armv7e-m/fpu/libc.a(lib_a-atexit.o)
 .ARM.attributes
                0x00000701       0x34 /home/dmitryneuro/opt/Ac6/SystemWorkbench/plugins/fr.ac6.mcu.externaltools.arm-none.linux64_1.7.0.201602291252/tools/compiler/bin/../lib/gcc/arm-none-eabi/5.2.1/../../../../arm-none-eabi/lib/armv7e-m/fpu/libc.a(lib_a-dtoa.o)
 .ARM.attributes
                0x00000735       0x34 /home/dmitryneuro/opt/Ac6/SystemWorkbench/plugins/fr.ac6.mcu.externaltools.arm-none.linux64_1.7.0.201602291252/tools/compiler/bin/../lib/gcc/arm-none-eabi/5.2.1/../../../../arm-none-eabi/lib/armv7e-m/fpu/libc.a(lib_a-fflush.o)
 .ARM.attributes
                0x00000769       0x34 /home/dmitryneuro/opt/Ac6/SystemWorkbench/plugins/fr.ac6.mcu.externaltools.arm-none.linux64_1.7.0.201602291252/tools/compiler/bin/../lib/gcc/arm-none-eabi/5.2.1/../../../../arm-none-eabi/lib/armv7e-m/fpu/libc.a(lib_a-findfp.o)
 .ARM.attributes
                0x0000079d       0x34 /home/dmitryneuro/opt/Ac6/SystemWorkbench/plugins/fr.ac6.mcu.externaltools.arm-none.linux64_1.7.0.201602291252/tools/compiler/bin/../lib/gcc/arm-none-eabi/5.2.1/../../../../arm-none-eabi/lib/armv7e-m/fpu/libc.a(lib_a-fini.o)
 .ARM.attributes
                0x000007d1       0x34 /home/dmitryneuro/opt/Ac6/SystemWorkbench/plugins/fr.ac6.mcu.externaltools.arm-none.linux64_1.7.0.201602291252/tools/compiler/bin/../lib/gcc/arm-none-eabi/5.2.1/../../../../arm-none-eabi/lib/armv7e-m/fpu/libc.a(lib_a-freer.o)
 .ARM.attributes
                0x00000805       0x34 /home/dmitryneuro/opt/Ac6/SystemWorkbench/plugins/fr.ac6.mcu.externaltools.arm-none.linux64_1.7.0.201602291252/tools/compiler/bin/../lib/gcc/arm-none-eabi/5.2.1/../../../../arm-none-eabi/lib/armv7e-m/fpu/libc.a(lib_a-fwalk.o)
 .ARM.attributes
                0x00000839       0x34 /home/dmitryneuro/opt/Ac6/SystemWorkbench/plugins/fr.ac6.mcu.externaltools.arm-none.linux64_1.7.0.201602291252/tools/compiler/bin/../lib/gcc/arm-none-eabi/5.2.1/../../../../arm-none-eabi/lib/armv7e-m/fpu/libc.a(lib_a-locale.o)
 .ARM.attributes
                0x0000086d       0x34 /home/dmitryneuro/opt/Ac6/SystemWorkbench/plugins/fr.ac6.mcu.externaltools.arm-none.linux64_1.7.0.201602291252/tools/compiler/bin/../lib/gcc/arm-none-eabi/5.2.1/../../../../arm-none-eabi/lib/armv7e-m/fpu/libc.a(lib_a-makebuf.o)
 .ARM.attributes
                0x000008a1       0x20 /home/dmitryneuro/opt/Ac6/SystemWorkbench/plugins/fr.ac6.mcu.externaltools.arm-none.linux64_1.7.0.201602291252/tools/compiler/bin/../lib/gcc/arm-none-eabi/5.2.1/../../../../arm-none-eabi/lib/armv7e-m/fpu/libc.a(lib_a-memchr.o)
 .ARM.attributes
                0x000008c1       0x34 /home/dmitryneuro/opt/Ac6/SystemWorkbench/plugins/fr.ac6.mcu.externaltools.arm-none.linux64_1.7.0.201602291252/tools/compiler/bin/../lib/gcc/arm-none-eabi/5.2.1/../../../../arm-none-eabi/lib/armv7e-m/fpu/libc.a(lib_a-mprec.o)
 .ARM.attributes
                0x000008f5       0x34 /home/dmitryneuro/opt/Ac6/SystemWorkbench/plugins/fr.ac6.mcu.externaltools.arm-none.linux64_1.7.0.201602291252/tools/compiler/bin/../lib/gcc/arm-none-eabi/5.2.1/../../../../arm-none-eabi/lib/armv7e-m/fpu/libc.a(lib_a-reent.o)
 .ARM.attributes
                0x00000929       0x34 /home/dmitryneuro/opt/Ac6/SystemWorkbench/plugins/fr.ac6.mcu.externaltools.arm-none.linux64_1.7.0.201602291252/tools/compiler/bin/../lib/gcc/arm-none-eabi/5.2.1/../../../../arm-none-eabi/lib/armv7e-m/fpu/libc.a(lib_a-s_fpclassify.o)
 .ARM.attributes
                0x0000095d       0x34 /home/dmitryneuro/opt/Ac6/SystemWorkbench/plugins/fr.ac6.mcu.externaltools.arm-none.linux64_1.7.0.201602291252/tools/compiler/bin/../lib/gcc/arm-none-eabi/5.2.1/../../../../arm-none-eabi/lib/armv7e-m/fpu/libc.a(lib_a-stdio.o)
 .ARM.attributes
                0x00000991       0x34 /home/dmitryneuro/opt/Ac6/SystemWorkbench/plugins/fr.ac6.mcu.externaltools.arm-none.linux64_1.7.0.201602291252/tools/compiler/bin/../lib/gcc/arm-none-eabi/5.2.1/../../../../arm-none-eabi/lib/armv7e-m/fpu/libc.a(lib_a-vfiprintf.o)
 .ARM.attributes
                0x000009c5       0x34 /home/dmitryneuro/opt/Ac6/SystemWorkbench/plugins/fr.ac6.mcu.externaltools.arm-none.linux64_1.7.0.201602291252/tools/compiler/bin/../lib/gcc/arm-none-eabi/5.2.1/../../../../arm-none-eabi/lib/armv7e-m/fpu/libc.a(lib_a-writer.o)
 .ARM.attributes
                0x000009f9       0x34 /home/dmitryneuro/opt/Ac6/SystemWorkbench/plugins/fr.ac6.mcu.externaltools.arm-none.linux64_1.7.0.201602291252/tools/compiler/bin/../lib/gcc/arm-none-eabi/5.2.1/../../../../arm-none-eabi/lib/armv7e-m/fpu/libc.a(lib_a-__atexit.o)
 .ARM.attributes
                0x00000a2d       0x34 /home/dmitryneuro/opt/Ac6/SystemWorkbench/plugins/fr.ac6.mcu.externaltools.arm-none.linux64_1.7.0.201602291252/tools/compiler/bin/../lib/gcc/arm-none-eabi/5.2.1/../../../../arm-none-eabi/lib/armv7e-m/fpu/libc.a(lib_a-callocr.o)
 .ARM.attributes
                0x00000a61       0x34 /home/dmitryneuro/opt/Ac6/SystemWorkbench/plugins/fr.ac6.mcu.externaltools.arm-none.linux64_1.7.0.201602291252/tools/compiler/bin/../lib/gcc/arm-none-eabi/5.2.1/../../../../arm-none-eabi/lib/armv7e-m/fpu/libc.a(lib_a-closer.o)
 .ARM.attributes
                0x00000a95       0x34 /home/dmitryneuro/opt/Ac6/SystemWorkbench/plugins/fr.ac6.mcu.externaltools.arm-none.linux64_1.7.0.201602291252/tools/compiler/bin/../lib/gcc/arm-none-eabi/5.2.1/../../../../arm-none-eabi/lib/armv7e-m/fpu/libc.a(lib_a-fclose.o)
 .ARM.attributes
                0x00000ac9       0x34 /home/dmitryneuro/opt/Ac6/SystemWorkbench/plugins/fr.ac6.mcu.externaltools.arm-none.linux64_1.7.0.201602291252/tools/compiler/bin/../lib/gcc/arm-none-eabi/5.2.1/../../../../arm-none-eabi/lib/armv7e-m/fpu/libc.a(lib_a-fputwc.o)
 .ARM.attributes
                0x00000afd       0x34 /home/dmitryneuro/opt/Ac6/SystemWorkbench/plugins/fr.ac6.mcu.externaltools.arm-none.linux64_1.7.0.201602291252/tools/compiler/bin/../lib/gcc/arm-none-eabi/5.2.1/../../../../arm-none-eabi/lib/armv7e-m/fpu/libc.a(lib_a-fstatr.o)
 .ARM.attributes
                0x00000b31       0x34 /home/dmitryneuro/opt/Ac6/SystemWorkbench/plugins/fr.ac6.mcu.externaltools.arm-none.linux64_1.7.0.201602291252/tools/compiler/bin/../lib/gcc/arm-none-eabi/5.2.1/../../../../arm-none-eabi/lib/armv7e-m/fpu/libc.a(lib_a-fvwrite.o)
 .ARM.attributes
                0x00000b65       0x34 /home/dmitryneuro/opt/Ac6/SystemWorkbench/plugins/fr.ac6.mcu.externaltools.arm-none.linux64_1.7.0.201602291252/tools/compiler/bin/../lib/gcc/arm-none-eabi/5.2.1/../../../../arm-none-eabi/lib/armv7e-m/fpu/libc.a(lib_a-isattyr.o)
 .ARM.attributes
                0x00000b99       0x34 /home/dmitryneuro/opt/Ac6/SystemWorkbench/plugins/fr.ac6.mcu.externaltools.arm-none.linux64_1.7.0.201602291252/tools/compiler/bin/../lib/gcc/arm-none-eabi/5.2.1/../../../../arm-none-eabi/lib/armv7e-m/fpu/libc.a(lib_a-lseekr.o)
 .ARM.attributes
                0x00000bcd       0x34 /home/dmitryneuro/opt/Ac6/SystemWorkbench/plugins/fr.ac6.mcu.externaltools.arm-none.linux64_1.7.0.201602291252/tools/compiler/bin/../lib/gcc/arm-none-eabi/5.2.1/../../../../arm-none-eabi/lib/armv7e-m/fpu/libc.a(lib_a-memmove.o)
 .ARM.attributes
                0x00000c01       0x34 /home/dmitryneuro/opt/Ac6/SystemWorkbench/plugins/fr.ac6.mcu.externaltools.arm-none.linux64_1.7.0.201602291252/tools/compiler/bin/../lib/gcc/arm-none-eabi/5.2.1/../../../../arm-none-eabi/lib/armv7e-m/fpu/libc.a(lib_a-readr.o)
 .ARM.attributes
                0x00000c35       0x34 /home/dmitryneuro/opt/Ac6/SystemWorkbench/plugins/fr.ac6.mcu.externaltools.arm-none.linux64_1.7.0.201602291252/tools/compiler/bin/../lib/gcc/arm-none-eabi/5.2.1/../../../../arm-none-eabi/lib/armv7e-m/fpu/libc.a(lib_a-reallocr.o)
 .ARM.attributes
                0x00000c69       0x34 /home/dmitryneuro/opt/Ac6/SystemWorkbench/plugins/fr.ac6.mcu.externaltools.arm-none.linux64_1.7.0.201602291252/tools/compiler/bin/../lib/gcc/arm-none-eabi/5.2.1/../../../../arm-none-eabi/lib/armv7e-m/fpu/libc.a(lib_a-wbuf.o)
 .ARM.attributes
                0x00000c9d       0x34 /home/dmitryneuro/opt/Ac6/SystemWorkbench/plugins/fr.ac6.mcu.externaltools.arm-none.linux64_1.7.0.201602291252/tools/compiler/bin/../lib/gcc/arm-none-eabi/5.2.1/../../../../arm-none-eabi/lib/armv7e-m/fpu/libc.a(lib_a-wcrtomb.o)
 .ARM.attributes
                0x00000cd1       0x34 /home/dmitryneuro/opt/Ac6/SystemWorkbench/plugins/fr.ac6.mcu.externaltools.arm-none.linux64_1.7.0.201602291252/tools/compiler/bin/../lib/gcc/arm-none-eabi/5.2.1/../../../../arm-none-eabi/lib/armv7e-m/fpu/libc.a(lib_a-wctomb_r.o)
 .ARM.attributes
                0x00000d05       0x22 /home/dmitryneuro/opt/Ac6/SystemWorkbench/plugins/fr.ac6.mcu.externaltools.arm-none.linux64_1.7.0.201602291252/tools/compiler/bin/../lib/gcc/arm-none-eabi/5.2.1/armv7e-m/fpu/libgcc.a(_arm_cmpdf2.o)
 .ARM.attributes
                0x00000d27       0x22 /home/dmitryneuro/opt/Ac6/SystemWorkbench/plugins/fr.ac6.mcu.externaltools.arm-none.linux64_1.7.0.201602291252/tools/compiler/bin/../lib/gcc/arm-none-eabi/5.2.1/armv7e-m/fpu/libgcc.a(_arm_fixdfsi.o)
 .ARM.attributes